Archive member included to satisfy reference by file (symbol)

/usr/lib/gcc/arm-none-eabi/4.9.3/../../../arm-none-eabi/lib/armv7-m/libg_nano.a(lib_a-ctype_.o)
                              ./system/src/newlib/_syscalls.o (__ctype_ptr__)
/usr/lib/gcc/arm-none-eabi/4.9.3/../../../arm-none-eabi/lib/armv7-m/libg_nano.a(lib_a-errno.o)
                              ./system/src/newlib/_sbrk.o (__errno)
/usr/lib/gcc/arm-none-eabi/4.9.3/../../../arm-none-eabi/lib/armv7-m/libg_nano.a(lib_a-findfp.o)
                              ./system/src/newlib/_syscalls.o (__sinit)
/usr/lib/gcc/arm-none-eabi/4.9.3/../../../arm-none-eabi/lib/armv7-m/libg_nano.a(lib_a-fprintf.o)
                              ./src/main.o (fprintf)
/usr/lib/gcc/arm-none-eabi/4.9.3/../../../arm-none-eabi/lib/armv7-m/libg_nano.a(lib_a-fwalk.o)
                              /usr/lib/gcc/arm-none-eabi/4.9.3/../../../arm-none-eabi/lib/armv7-m/libg_nano.a(lib_a-findfp.o) (_fwalk)
/usr/lib/gcc/arm-none-eabi/4.9.3/../../../arm-none-eabi/lib/armv7-m/libg_nano.a(lib_a-fwrite.o)
                              ./src/main.o (fwrite)
/usr/lib/gcc/arm-none-eabi/4.9.3/../../../arm-none-eabi/lib/armv7-m/libg_nano.a(lib_a-impure.o)
                              /usr/lib/gcc/arm-none-eabi/4.9.3/../../../arm-none-eabi/lib/armv7-m/libg_nano.a(lib_a-findfp.o) (_global_impure_ptr)
/usr/lib/gcc/arm-none-eabi/4.9.3/../../../arm-none-eabi/lib/armv7-m/libg_nano.a(lib_a-memset.o)
                              ./system/src/newlib/_syscalls.o (memset)
/usr/lib/gcc/arm-none-eabi/4.9.3/../../../arm-none-eabi/lib/armv7-m/libg_nano.a(lib_a-nano-mallocr.o)
                              /usr/lib/gcc/arm-none-eabi/4.9.3/../../../arm-none-eabi/lib/armv7-m/libg_nano.a(lib_a-findfp.o) (_malloc_r)
/usr/lib/gcc/arm-none-eabi/4.9.3/../../../arm-none-eabi/lib/armv7-m/libg_nano.a(lib_a-nano-vfprintf.o)
                              /usr/lib/gcc/arm-none-eabi/4.9.3/../../../arm-none-eabi/lib/armv7-m/libg_nano.a(lib_a-fprintf.o) (_vfprintf_r)
/usr/lib/gcc/arm-none-eabi/4.9.3/../../../arm-none-eabi/lib/armv7-m/libg_nano.a(lib_a-nano-vfprintf_i.o)
                              /usr/lib/gcc/arm-none-eabi/4.9.3/../../../arm-none-eabi/lib/armv7-m/libg_nano.a(lib_a-nano-vfprintf.o) (_printf_i)
/usr/lib/gcc/arm-none-eabi/4.9.3/../../../arm-none-eabi/lib/armv7-m/libg_nano.a(lib_a-sbrkr.o)
                              /usr/lib/gcc/arm-none-eabi/4.9.3/../../../arm-none-eabi/lib/armv7-m/libg_nano.a(lib_a-nano-mallocr.o) (_sbrk_r)
/usr/lib/gcc/arm-none-eabi/4.9.3/../../../arm-none-eabi/lib/armv7-m/libg_nano.a(lib_a-stdio.o)
                              /usr/lib/gcc/arm-none-eabi/4.9.3/../../../arm-none-eabi/lib/armv7-m/libg_nano.a(lib_a-findfp.o) (__sread)
/usr/lib/gcc/arm-none-eabi/4.9.3/../../../arm-none-eabi/lib/armv7-m/libg_nano.a(lib_a-strcmp.o)
                              ./system/src/cortexm/exception_handlers.o (strcmp)
/usr/lib/gcc/arm-none-eabi/4.9.3/../../../arm-none-eabi/lib/armv7-m/libg_nano.a(lib_a-strlen.o)
                              ./system/src/newlib/_syscalls.o (strlen)
/usr/lib/gcc/arm-none-eabi/4.9.3/../../../arm-none-eabi/lib/armv7-m/libg_nano.a(lib_a-strncpy.o)
                              ./system/src/newlib/_syscalls.o (strncpy)
/usr/lib/gcc/arm-none-eabi/4.9.3/../../../arm-none-eabi/lib/armv7-m/libg_nano.a(lib_a-vsnprintf.o)
                              ./system/src/diag/Trace.o (vsnprintf)
/usr/lib/gcc/arm-none-eabi/4.9.3/../../../arm-none-eabi/lib/armv7-m/libg_nano.a(lib_a-wbuf.o)
                              /usr/lib/gcc/arm-none-eabi/4.9.3/../../../arm-none-eabi/lib/armv7-m/libg_nano.a(lib_a-fwrite.o) (__swbuf_r)
/usr/lib/gcc/arm-none-eabi/4.9.3/../../../arm-none-eabi/lib/armv7-m/libg_nano.a(lib_a-writer.o)
                              /usr/lib/gcc/arm-none-eabi/4.9.3/../../../arm-none-eabi/lib/armv7-m/libg_nano.a(lib_a-stdio.o) (_write_r)
/usr/lib/gcc/arm-none-eabi/4.9.3/../../../arm-none-eabi/lib/armv7-m/libg_nano.a(lib_a-wsetup.o)
                              /usr/lib/gcc/arm-none-eabi/4.9.3/../../../arm-none-eabi/lib/armv7-m/libg_nano.a(lib_a-fwrite.o) (__swsetup_r)
/usr/lib/gcc/arm-none-eabi/4.9.3/../../../arm-none-eabi/lib/armv7-m/libg_nano.a(lib_a-closer.o)
                              /usr/lib/gcc/arm-none-eabi/4.9.3/../../../arm-none-eabi/lib/armv7-m/libg_nano.a(lib_a-stdio.o) (_close_r)
/usr/lib/gcc/arm-none-eabi/4.9.3/../../../arm-none-eabi/lib/armv7-m/libg_nano.a(lib_a-fflush.o)
                              /usr/lib/gcc/arm-none-eabi/4.9.3/../../../arm-none-eabi/lib/armv7-m/libg_nano.a(lib_a-findfp.o) (_fflush_r)
/usr/lib/gcc/arm-none-eabi/4.9.3/../../../arm-none-eabi/lib/armv7-m/libg_nano.a(lib_a-fvwrite.o)
                              /usr/lib/gcc/arm-none-eabi/4.9.3/../../../arm-none-eabi/lib/armv7-m/libg_nano.a(lib_a-nano-vfprintf.o) (__sfvwrite_r)
/usr/lib/gcc/arm-none-eabi/4.9.3/../../../arm-none-eabi/lib/armv7-m/libg_nano.a(lib_a-lseekr.o)
[...]
Memory Configuration

Name             Origin             Length             Attributes
RAM              0x0000000020000000 0x0000000000020000 xrw
CCMRAM           0x0000000000000000 0x0000000000000000 xrw
FLASH            0x0000000008000000 0x0000000000020000 xr
FLASHB1          0x0000000000000000 0x0000000000000000 xr
EXTMEMB0         0x0000000000000000 0x0000000000000000 xr
EXTMEMB1         0x0000000000000000 0x0000000000000000 xr
EXTMEMB2         0x0000000000000000 0x0000000000000000 xr
EXTMEMB3         0x0000000000000000 0x0000000000000000 xr
MEMORY_ARRAY     0x0000000000000000 0x0000000000000000 xrw
*default*        0x0000000000000000 0xffffffffffffffff

Linker script and memory map

LOAD ./system/src/stm32f1-stdperiph/misc.o
LOAD ./system/src/stm32f1-stdperiph/stm32f10x_gpio.o
LOAD ./system/src/stm32f1-stdperiph/stm32f10x_rcc.o
LOAD ./system/src/newlib/_cxx.o
LOAD ./system/src/newlib/_exit.o
LOAD ./system/src/newlib/_sbrk.o
LOAD ./system/src/newlib/_startup.o
LOAD ./system/src/newlib/_syscalls.o
LOAD ./system/src/newlib/assert.o
LOAD ./system/src/diag/Trace.o
LOAD ./system/src/diag/trace_impl.o
LOAD ./system/src/cortexm/_initialize_hardware.o
LOAD ./system/src/cortexm/_reset_hardware.o
LOAD ./system/src/cortexm/exception_handlers.o
LOAD ./system/src/cmsis/system_stm32f10x.o
LOAD ./system/src/cmsis/vectors_stm32f10x.o
LOAD ./src/main.o
LOAD ./contrib/fos/src/kernel.o
LOAD /usr/lib/gcc/arm-none-eabi/4.9.3/../../../arm-none-eabi/lib/armv7-m/libstdc++_nano.a
LOAD /usr/lib/gcc/arm-none-eabi/4.9.3/../../../arm-none-eabi/lib/armv7-m/libm.a
START GROUP
LOAD /usr/lib/gcc/arm-none-eabi/4.9.3/armv7-m/libgcc.a
LOAD /usr/lib/gcc/arm-none-eabi/4.9.3/../../../arm-none-eabi/lib/armv7-m/libg_nano.a
LOAD /usr/lib/gcc/arm-none-eabi/4.9.3/../../../arm-none-eabi/lib/armv7-m/libc_nano.a
END GROUP
START GROUP
LOAD /usr/lib/gcc/arm-none-eabi/4.9.3/armv7-m/libgcc.a
LOAD /usr/lib/gcc/arm-none-eabi/4.9.3/../../../arm-none-eabi/lib/armv7-m/libc_nano.a
END GROUP
                0x0000000020020000                __stack = (ORIGIN (RAM) + LENGTH (RAM))
                0x0000000020020000                _estack = __stack
                0x0000000000000400                __Main_Stack_Size = 0x400
                [!provide]                        PROVIDE (_Main_Stack_Size, __Main_Stack_Size)
                0x000000002001fc00                __Main_Stack_Limit = (__stack - __Main_Stack_Size)
                [!provide]                        PROVIDE (_Main_Stack_Limit, __Main_Stack_Limit)
                0x0000000000000100                _Minimum_Stack_Size = 0x100
                0x0000000020000270                PROVIDE (_Heap_Begin, _end_noinit)
                0x000000002001fc00                PROVIDE (_Heap_Limit, (__stack - __Main_Stack_Size))

.isr_vector     0x0000000008000000      0x354
 FILL mask 0xff
                0x0000000008000000                __vectors_start = ABSOLUTE (.)
                0x0000000008000000                __vectors_start__ = ABSOLUTE (.)
 *(.isr_vector)
 .isr_vector    0x0000000008000000      0x10c ./system/src/cmsis/vectors_stm32f10x.o
                0x0000000008000000                __isr_vectors
 *(.cfmconfig)
 *(.after_vectors .after_vectors.*)
 .after_vectors
                0x000000000800010c      0x114 ./system/src/newlib/_startup.o
                0x000000000800010c                _start
 .after_vectors
                0x0000000008000220      0x130 ./system/src/cortexm/exception_handlers.o
                0x0000000008000220                Reset_Handler
                0x0000000008000228                NMI_Handler
                0x000000000800022c                HardFault_Handler
                0x0000000008000240                HardFault_Handler_C
                0x00000000080002a0                MemManage_Handler
                0x00000000080002a4                BusFault_Handler
                0x00000000080002b8                BusFault_Handler_C
                0x00000000080002ec                UsageFault_Handler
                0x0000000008000300                UsageFault_Handler_C
                0x0000000008000334                SVC_Handler
                0x0000000008000338                DebugMon_Handler
                0x000000000800033c                PendSV_Handler
 .after_vectors
                0x0000000008000350        0x4 ./system/src/cmsis/vectors_stm32f10x.o
                0x0000000008000350                EXTI2_IRQHandler
                0x0000000008000350                TIM8_TRG_COM_IRQHandler
                0x0000000008000350                TIM8_CC_IRQHandler
                0x0000000008000350                TIM1_CC_IRQHandler
                0x0000000008000350                TIM6_IRQHandler
                0x0000000008000350                PVD_IRQHandler
                0x0000000008000350                SDIO_IRQHandler
                0x0000000008000350                CAN2_RX1_IRQHandler
                0x0000000008000350                EXTI3_IRQHandler
                0x0000000008000350                TIM8_TRG_COM_TIM14_IRQHandler
                0x0000000008000350                TIM1_UP_TIM10_IRQHandler
                0x0000000008000350                TIM8_UP_TIM13_IRQHandler
                0x0000000008000350                EXTI0_IRQHandler
                0x0000000008000350                I2C2_EV_IRQHandler
                0x0000000008000350                CAN1_RX0_IRQHandler
                0x0000000008000350                TIM1_UP_TIM16_IRQHandler
                0x0000000008000350                CAN2_SCE_IRQHandler
                0x0000000008000350                ADC1_2_IRQHandler
                0x0000000008000350                SPI1_IRQHandler
                0x0000000008000350                TAMPER_IRQHandler
                0x0000000008000350                TIM6_DAC_IRQHandler
                0x0000000008000350                TIM1_BRK_TIM9_IRQHandler
                0x0000000008000350                CAN2_RX0_IRQHandler
                0x0000000008000350                TIM8_UP_IRQHandler
                0x0000000008000350                DMA2_Channel2_IRQHandler
                0x0000000008000350                DMA1_Channel4_IRQHandler
                0x0000000008000350                USART3_IRQHandler
                0x0000000008000350                RTC_IRQHandler
                0x0000000008000350                DMA1_Channel7_IRQHandler
                0x0000000008000350                CAN1_RX1_IRQHandler
                0x0000000008000350                UART5_IRQHandler
                0x0000000008000350                ADC3_IRQHandler
                0x0000000008000350                TIM4_IRQHandler
                0x0000000008000350                DMA2_Channel1_IRQHandler
                0x0000000008000350                I2C1_EV_IRQHandler
                0x0000000008000350                DMA1_Channel6_IRQHandler
                0x0000000008000350                UART4_IRQHandler
                0x0000000008000350                DMA2_Channel4_IRQHandler
                0x0000000008000350                TIM3_IRQHandler
                0x0000000008000350                RCC_IRQHandler
                0x0000000008000350                TIM8_BRK_TIM12_IRQHandler
                0x0000000008000350                TIM1_TRG_COM_IRQHandler
                0x0000000008000350                DMA1_Channel1_IRQHandler
                0x0000000008000350                Default_Handler
                0x0000000008000350                CEC_IRQHandler
                0x0000000008000350                EXTI15_10_IRQHandler
                0x0000000008000350                TIM14_IRQHandler
                0x0000000008000350                TIM13_IRQHandler
                0x0000000008000350                TIM12_IRQHandler
                0x0000000008000350                TIM7_IRQHandler
                0x0000000008000350                CAN2_TX_IRQHandler
                0x0000000008000350                TIM5_IRQHandler
                0x0000000008000350                EXTI9_5_IRQHandler
                0x0000000008000350                ETH_WKUP_IRQHandler
                0x0000000008000350                SPI2_IRQHandler
                0x0000000008000350                CAN1_TX_IRQHandler
                0x0000000008000350                DMA2_Channel5_IRQHandler
                0x0000000008000350                DMA1_Channel5_IRQHandler
                0x0000000008000350                EXTI4_IRQHandler
                0x0000000008000350                USB_LP_CAN1_RX0_IRQHandler
                0x0000000008000350                TIM1_TRG_COM_TIM17_IRQHandler
                0x0000000008000350                USB_HP_CAN1_TX_IRQHandler
                0x0000000008000350                DMA1_Channel3_IRQHandler
                0x0000000008000350                FSMC_IRQHandler
                0x0000000008000350                ETH_IRQHandler
                0x0000000008000350                TIM1_UP_IRQHandler
                0x0000000008000350                WWDG_IRQHandler
                0x0000000008000350                TIM2_IRQHandler
                0x0000000008000350                OTG_FS_WKUP_IRQHandler
                0x0000000008000350                TIM1_TRG_COM_TIM11_IRQHandler
                0x0000000008000350                TIM1_BRK_IRQHandler
                0x0000000008000350                EXTI1_IRQHandler
                0x0000000008000350                RTCAlarm_IRQHandler
                0x0000000008000350                DMA2_Channel4_5_IRQHandler
                0x0000000008000350                USART2_IRQHandler
                0x0000000008000350                I2C2_ER_IRQHandler
                0x0000000008000350                DMA1_Channel2_IRQHandler
                0x0000000008000350                TIM8_BRK_IRQHandler
                0x0000000008000350                CAN1_SCE_IRQHandler
                0x0000000008000350                FLASH_IRQHandler
                0x0000000008000350                USART1_IRQHandler
                0x0000000008000350                OTG_FS_IRQHandler
                0x0000000008000350                SPI3_IRQHandler
                0x0000000008000350                I2C1_ER_IRQHandler
                0x0000000008000350                USBWakeUp_IRQHandler
                0x0000000008000350                DMA2_Channel3_IRQHandler
                0x0000000008000350                TIM1_BRK_TIM15_IRQHandler

.inits          0x0000000008000354       0x28
                0x0000000008000354                __data_regions_array_start = .
                0x0000000008000354        0x4 LONG 0x80023b0 LOADADDR (.data)
                0x0000000008000358        0x4 LONG 0x20000000 ADDR (.data)
                0x000000000800035c        0x4 LONG 0x20000084 (ADDR (.data) + SIZEOF (.data))
                0x0000000008000360        0x4 LONG 0x80023b0 LOADADDR (.data_CCMRAM)
                0x0000000008000364        0x4 LONG 0x0 ADDR (.data_CCMRAM)
                0x0000000008000368        0x4 LONG 0x0 (ADDR (.data_CCMRAM) + SIZEOF (.data_CCMRAM))
                0x000000000800036c                __data_regions_array_end = .
                0x000000000800036c                __bss_regions_array_start = .
                0x000000000800036c        0x4 LONG 0x20000084 ADDR (.bss)
                0x0000000008000370        0x4 LONG 0x20000270 (ADDR (.bss) + SIZEOF (.bss))
                0x0000000008000374        0x4 LONG 0x0 ADDR (.bss_CCMRAM)
                0x0000000008000378        0x4 LONG 0x0 (ADDR (.bss_CCMRAM) + SIZEOF (.bss_CCMRAM))
                0x000000000800037c                __bss_regions_array_end = .
 *(.init)
 *(.fini)
                0x000000000800037c                . = ALIGN (0x4)
                0x000000000800037c                PROVIDE (__preinit_array_start, .)
 *(.preinit_array_sysinit .preinit_array_sysinit.*)
 *(.preinit_array_platform .preinit_array_platform.*)
 *(.preinit_array .preinit_array.*)
                0x000000000800037c                PROVIDE (__preinit_array_end, .)
                0x000000000800037c                . = ALIGN (0x4)
                0x000000000800037c                PROVIDE (__init_array_start, .)
 *(SORT(.init_array.*))
 *(.init_array)
                0x000000000800037c                PROVIDE (__init_array_end, .)
                0x000000000800037c                . = ALIGN (0x4)
                0x000000000800037c                PROVIDE (__fini_array_start, .)
 *(SORT(.fini_array.*))
 *(.fini_array)
                0x000000000800037c                PROVIDE (__fini_array_end, .)

.flashtext
 *(.flashtext .flashtext.*)

.text           0x000000000800037c     0x2034
 *(.text .text.*)
 .text._sbrk    0x000000000800037c       0x44 ./system/src/newlib/_sbrk.o
                0x000000000800037c                _sbrk
 .text.get_errno
                0x00000000080003c0       0x14 ./system/src/newlib/_syscalls.o
 .text.error    0x00000000080003d4       0x14 ./system/src/newlib/_syscalls.o
 .text.checkerror
                0x00000000080003e8       0x10 ./system/src/newlib/_syscalls.o
 .text.findslot
                0x00000000080003f8       0x3c ./system/src/newlib/_syscalls.o
 .text._exit    0x0000000008000434       0x20 ./system/src/newlib/_syscalls.o
                0x0000000008000434                _exit
 .text.initialise_monitor_handles
                0x0000000008000454       0xa8 ./system/src/newlib/_syscalls.o
                0x0000000008000454                initialise_monitor_handles
 .text.__initialize_args
                0x00000000080004fc       0xd8 ./system/src/newlib/_syscalls.o
                0x00000000080004fc                __initialize_args
 .text._swiread
                0x00000000080005d4       0x20 ./system/src/newlib/_syscalls.o
                0x00000000080005d4                _swiread
 .text._read    0x00000000080005f4       0x38 ./system/src/newlib/_syscalls.o
                0x00000000080005f4                _read
 .text._swilseek
                0x000000000800062c       0xbc ./system/src/newlib/_syscalls.o
                0x000000000800062c                _swilseek
 .text._lseek   0x00000000080006e8        0x8 ./system/src/newlib/_syscalls.o
                0x00000000080006e8                _lseek
 .text._swiwrite
                0x00000000080006f0       0x20 ./system/src/newlib/_syscalls.o
                0x00000000080006f0                _swiwrite
 .text._write   0x0000000008000710       0x44 ./system/src/newlib/_syscalls.o
                0x0000000008000710                _write
 .text._swiclose
                0x0000000008000754       0x20 ./system/src/newlib/_syscalls.o
                0x0000000008000754                _swiclose
 .text._close   0x0000000008000774       0x4c ./system/src/newlib/_syscalls.o
                0x0000000008000774                _close
 .text._swistat
                0x00000000080007c0       0x4c ./system/src/newlib/_syscalls.o
                0x00000000080007c0                _swistat
 .text._fstat   0x000000000800080c       0x1c ./system/src/newlib/_syscalls.o
                0x000000000800080c                _fstat
 .text._isatty  0x0000000008000828       0x38 ./system/src/newlib/_syscalls.o
                0x0000000008000828                _isatty
 .text.trace_printf
                0x0000000008000860       0x34 ./system/src/diag/Trace.o
                0x0000000008000860                trace_printf
 .text._trace_write_semihosting_debug
                0x0000000008000894       0x64 ./system/src/diag/trace_impl.o
 .text.trace_write
                0x00000000080008f8        0x8 ./system/src/diag/trace_impl.o
                0x00000000080008f8                trace_write
 .text.__initialize_hardware_early
                0x0000000008000900       0x18 ./system/src/cortexm/_initialize_hardware.o
                0x0000000008000900                __initialize_hardware_early
 .text.__initialize_hardware
                0x0000000008000918        0x8 ./system/src/cortexm/_initialize_hardware.o
                0x0000000008000918                __initialize_hardware
 .text.dumpExceptionStack
                0x0000000008000920       0xf0 ./system/src/cortexm/exception_handlers.o
                0x0000000008000920                dumpExceptionStack
 .text.isSemihosting
                0x0000000008000a10      0x100 ./system/src/cortexm/exception_handlers.o
                0x0000000008000a10                isSemihosting
 .text.SetSysClockTo72
                0x0000000008000b10       0xc4 ./system/src/cmsis/system_stm32f10x.o
 .text.SetSysClock
                0x0000000008000bd4        0x8 ./system/src/cmsis/system_stm32f10x.o
 .text.SystemInit
                0x0000000008000bdc       0x50 ./system/src/cmsis/system_stm32f10x.o
                0x0000000008000bdc                SystemInit
 .text.SystemCoreClockUpdate
                0x0000000008000c2c       0x94 ./system/src/cmsis/system_stm32f10x.o
                0x0000000008000c2c                SystemCoreClockUpdate
 .text.main     0x0000000008000cc0       0x98 ./src/main.o
                0x0000000008000cc0                main
 .text._Z5clockj
                0x0000000008000d58       0x40 ./src/main.o
                0x0000000008000d58                clock(unsigned int)
 .text._Z10first_taskPv
                0x0000000008000d98        0x8 ./src/main.o
                0x0000000008000d98                first_task(void*)
 .text.SysTick_Handler
                0x0000000008000da0       0x20 ./src/main.o
                0x0000000008000da0                SysTick_Handler
 .text.fos_kernel_run
                0x0000000008000dc0       0x14 ./contrib/fos/src/kernel.o
                0x0000000008000dc0                fos_kernel_run
 .text.fos_kernel_add_task
                0x0000000008000dd4       0x2c ./contrib/fos/src/kernel.o
                0x0000000008000dd4                fos_kernel_add_task
 .text.__errno  0x0000000008000e00        0xc /usr/lib/gcc/arm-none-eabi/4.9.3/../../../arm-none-eabi/lib/armv7-m/libg_nano.a(lib_a-errno.o)
                0x0000000008000e00                __errno
 .text._cleanup_r
                0x0000000008000e0c        0xc /usr/lib/gcc/arm-none-eabi/4.9.3/../../../arm-none-eabi/lib/armv7-m/libg_nano.a(lib_a-findfp.o)
                0x0000000008000e0c                _cleanup_r
 .text.std.isra.0
                0x0000000008000e18       0x48 /usr/lib/gcc/arm-none-eabi/4.9.3/../../../arm-none-eabi/lib/armv7-m/libg_nano.a(lib_a-findfp.o)
 .text.__sfmoreglue
                0x0000000008000e60       0x2c /usr/lib/gcc/arm-none-eabi/4.9.3/../../../arm-none-eabi/lib/armv7-m/libg_nano.a(lib_a-findfp.o)
                0x0000000008000e60                __sfmoreglue
 .text.__sinit  0x0000000008000e8c       0x60 /usr/lib/gcc/arm-none-eabi/4.9.3/../../../arm-none-eabi/lib/armv7-m/libg_nano.a(lib_a-findfp.o)
                0x0000000008000e8c                __sinit
 .text.__sfp    0x0000000008000eec       0x74 /usr/lib/gcc/arm-none-eabi/4.9.3/../../../arm-none-eabi/lib/armv7-m/libg_nano.a(lib_a-findfp.o)
                0x0000000008000eec                __sfp
 .text.fprintf  0x0000000008000f60       0x24 /usr/lib/gcc/arm-none-eabi/4.9.3/../../../arm-none-eabi/lib/armv7-m/libg_nano.a(lib_a-fprintf.o)
                0x0000000008000f60                fprintf
                0x0000000008000f60                fiprintf
 .text._fwalk_reent
                0x0000000008000f84       0x3c /usr/lib/gcc/arm-none-eabi/4.9.3/../../../arm-none-eabi/lib/armv7-m/libg_nano.a(lib_a-fwalk.o)
                0x0000000008000f84                _fwalk_reent
 .text._fwrite_r
                0x0000000008000fc0       0xb4 /usr/lib/gcc/arm-none-eabi/4.9.3/../../../arm-none-eabi/lib/armv7-m/libg_nano.a(lib_a-fwrite.o)
                0x0000000008000fc0                _fwrite_r
 .text.fwrite   0x0000000008001074       0x20 /usr/lib/gcc/arm-none-eabi/4.9.3/../../../arm-none-eabi/lib/armv7-m/libg_nano.a(lib_a-fwrite.o)
                0x0000000008001074                fwrite
 .text.memset   0x0000000008001094       0x10 /usr/lib/gcc/arm-none-eabi/4.9.3/../../../arm-none-eabi/lib/armv7-m/libg_nano.a(lib_a-memset.o)
                0x0000000008001094                memset
 .text._malloc_r
                0x00000000080010a4       0xac /usr/lib/gcc/arm-none-eabi/4.9.3/../../../arm-none-eabi/lib/armv7-m/libg_nano.a(lib_a-nano-mallocr.o)
                0x00000000080010a4                _malloc_r
 .text.__sfputc_r
                0x0000000008001150       0x2c /usr/lib/gcc/arm-none-eabi/4.9.3/../../../arm-none-eabi/lib/armv7-m/libg_nano.a(lib_a-nano-vfprintf.o)
 .text.__sfputs_r
                0x000000000800117c       0x24 /usr/lib/gcc/arm-none-eabi/4.9.3/../../../arm-none-eabi/lib/armv7-m/libg_nano.a(lib_a-nano-vfprintf.o)
                0x000000000800117c                __sfputs_r
 .text._vfprintf_r
                0x00000000080011a0      0x210 /usr/lib/gcc/arm-none-eabi/4.9.3/../../../arm-none-eabi/lib/armv7-m/libg_nano.a(lib_a-nano-vfprintf.o)
                0x00000000080011a0                _vfiprintf_r
                0x00000000080011a0                _vfprintf_r
 .text._printf_common
                0x00000000080013b0       0xea /usr/lib/gcc/arm-none-eabi/4.9.3/../../../arm-none-eabi/lib/armv7-m/libg_nano.a(lib_a-nano-vfprintf_i.o)
                0x00000000080013b0                _printf_common
 *fill*         0x000000000800149a        0x2 
 .text._printf_i
                0x000000000800149c      0x240 /usr/lib/gcc/arm-none-eabi/4.9.3/../../../arm-none-eabi/lib/armv7-m/libg_nano.a(lib_a-nano-vfprintf_i.o)
                0x000000000800149c                _printf_i
 .text._sbrk_r  0x00000000080016dc       0x20 /usr/lib/gcc/arm-none-eabi/4.9.3/../../../arm-none-eabi/lib/armv7-m/libg_nano.a(lib_a-sbrkr.o)
                0x00000000080016dc                _sbrk_r
 .text.__sread  0x00000000080016fc       0x22 /usr/lib/gcc/arm-none-eabi/4.9.3/../../../arm-none-eabi/lib/armv7-m/libg_nano.a(lib_a-stdio.o)
                0x00000000080016fc                __sread
 .text.__swrite
                0x000000000800171e       0x38 /usr/lib/gcc/arm-none-eabi/4.9.3/../../../arm-none-eabi/lib/armv7-m/libg_nano.a(lib_a-stdio.o)
                0x000000000800171e                __swrite
 .text.__sseek  0x0000000008001756       0x24 /usr/lib/gcc/arm-none-eabi/4.9.3/../../../arm-none-eabi/lib/armv7-m/libg_nano.a(lib_a-stdio.o)
                0x0000000008001756                __sseek
 .text.__sclose
                0x000000000800177a        0x8 /usr/lib/gcc/arm-none-eabi/4.9.3/../../../arm-none-eabi/lib/armv7-m/libg_nano.a(lib_a-stdio.o)
                0x000000000800177a                __sclose
 .text          0x0000000008001782       0x14 /usr/lib/gcc/arm-none-eabi/4.9.3/../../../arm-none-eabi/lib/armv7-m/libg_nano.a(lib_a-strcmp.o)
                0x0000000008001782                strcmp
 .text._vsnprintf_r
                0x0000000008001796       0x52 /usr/lib/gcc/arm-none-eabi/4.9.3/../../../arm-none-eabi/lib/armv7-m/libg_nano.a(lib_a-vsnprintf.o)
                0x0000000008001796                _vsnprintf_r
                0x0000000008001796                _vsniprintf_r
 .text.vsnprintf
                0x00000000080017e8       0x20 /usr/lib/gcc/arm-none-eabi/4.9.3/../../../arm-none-eabi/lib/armv7-m/libg_nano.a(lib_a-vsnprintf.o)
                0x00000000080017e8                vsnprintf
                0x00000000080017e8                vsniprintf
 .text.__swbuf_r
                0x0000000008001808       0xa8 /usr/lib/gcc/arm-none-eabi/4.9.3/../../../arm-none-eabi/lib/armv7-m/libg_nano.a(lib_a-wbuf.o)
                0x0000000008001808                __swbuf_r
 .text._write_r
                0x00000000080018b0       0x24 /usr/lib/gcc/arm-none-eabi/4.9.3/../../../arm-none-eabi/lib/armv7-m/libg_nano.a(lib_a-writer.o)
                0x00000000080018b0                _write_r
 .text.__swsetup_r
                0x00000000080018d4       0xd8 /usr/lib/gcc/arm-none-eabi/4.9.3/../../../arm-none-eabi/lib/armv7-m/libg_nano.a(lib_a-wsetup.o)
                0x00000000080018d4                __swsetup_r
 .text._close_r
                0x00000000080019ac       0x20 /usr/lib/gcc/arm-none-eabi/4.9.3/../../../arm-none-eabi/lib/armv7-m/libg_nano.a(lib_a-closer.o)
                0x00000000080019ac                _close_r
 .text.__sflush_r
                0x00000000080019cc      0x106 /usr/lib/gcc/arm-none-eabi/4.9.3/../../../arm-none-eabi/lib/armv7-m/libg_nano.a(lib_a-fflush.o)
                0x00000000080019cc                __sflush_r
 *fill*         0x0000000008001ad2        0x2 
 .text._fflush_r
                0x0000000008001ad4       0x54 /usr/lib/gcc/arm-none-eabi/4.9.3/../../../arm-none-eabi/lib/armv7-m/libg_nano.a(lib_a-fflush.o)
                0x0000000008001ad4                _fflush_r
 .text._lseek_r
                0x0000000008001b28       0x24 /usr/lib/gcc/arm-none-eabi/4.9.3/../../../arm-none-eabi/lib/armv7-m/libg_nano.a(lib_a-lseekr.o)
                0x0000000008001b28                _lseek_r
 .text.__smakebuf_r
                0x0000000008001b4c       0x98 /usr/lib/gcc/arm-none-eabi/4.9.3/../../../arm-none-eabi/lib/armv7-m/libg_nano.a(lib_a-makebuf.o)
                0x0000000008001b4c                __smakebuf_r
 .text.memchr   0x0000000008001be4       0x1c /usr/lib/gcc/arm-none-eabi/4.9.3/../../../arm-none-eabi/lib/armv7-m/libg_nano.a(lib_a-memchr.o)
                0x0000000008001be4                memchr
 .text.memcpy   0x0000000008001c00       0x16 /usr/lib/gcc/arm-none-eabi/4.9.3/../../../arm-none-eabi/lib/armv7-m/libg_nano.a(lib_a-memcpy.o)
                0x0000000008001c00                memcpy
 .text.memmove  0x0000000008001c16       0x36 /usr/lib/gcc/arm-none-eabi/4.9.3/../../../arm-none-eabi/lib/armv7-m/libg_nano.a(lib_a-memmove.o)
                0x0000000008001c16                memmove
 .text._free_r  0x0000000008001c4c       0x88 /usr/lib/gcc/arm-none-eabi/4.9.3/../../../arm-none-eabi/lib/armv7-m/libg_nano.a(lib_a-nano-freer.o)
                0x0000000008001c4c                _free_r
 .text._realloc_r
                0x0000000008001cd4       0x4c /usr/lib/gcc/arm-none-eabi/4.9.3/../../../arm-none-eabi/lib/armv7-m/libg_nano.a(lib_a-nano-reallocr.o)
                0x0000000008001cd4                _realloc_r
 .text.__ssputs_r
                0x0000000008001d20       0xb2 /usr/lib/gcc/arm-none-eabi/4.9.3/../../../arm-none-eabi/lib/armv7-m/libg_nano.a(lib_a-nano-svfprintf.o)
                0x0000000008001d20                __ssputs_r
 *fill*         0x0000000008001dd2        0x2 
 .text._svfprintf_r
                0x0000000008001dd4      0x1e4 /usr/lib/gcc/arm-none-eabi/4.9.3/../../../arm-none-eabi/lib/armv7-m/libg_nano.a(lib_a-nano-svfprintf.o)
                0x0000000008001dd4                _svfprintf_r
                0x0000000008001dd4                _svfiprintf_r
 .text._read_r  0x0000000008001fb8       0x24 /usr/lib/gcc/arm-none-eabi/4.9.3/../../../arm-none-eabi/lib/armv7-m/libg_nano.a(lib_a-readr.o)
                0x0000000008001fb8                _read_r
 .text._fstat_r
                0x0000000008001fdc       0x24 /usr/lib/gcc/arm-none-eabi/4.9.3/../../../arm-none-eabi/lib/armv7-m/libg_nano.a(lib_a-fstatr.o)
                0x0000000008001fdc                _fstat_r
 .text._isatty_r
                0x0000000008002000       0x20 /usr/lib/gcc/arm-none-eabi/4.9.3/../../../arm-none-eabi/lib/armv7-m/libg_nano.a(lib_a-isattyr.o)
                0x0000000008002000                _isatty_r
 .text._malloc_usable_size_r
                0x0000000008002020       0x14 /usr/lib/gcc/arm-none-eabi/4.9.3/../../../arm-none-eabi/lib/armv7-m/libg_nano.a(lib_a-nano-msizer.o)
                0x0000000008002020                _malloc_usable_size_r
 *(.rodata .rodata.* .constdata .constdata.*)
 .rodata.str1.4
                0x0000000008002034        0x9 ./system/src/newlib/_syscalls.o
 *fill*         0x000000000800203d        0x3 
 .rodata.str1.4
                0x0000000008002040      0x146 ./system/src/cortexm/exception_handlers.o
                                        0x14a (size before relaxing)
 *fill*         0x0000000008002186        0x2 
 .rodata.str1.4
                0x0000000008002188       0x60 ./src/main.o
                                         0x5e (size before relaxing)
 .rodata._ctype_
                0x00000000080021e8      0x101 /usr/lib/gcc/arm-none-eabi/4.9.3/../../../arm-none-eabi/lib/armv7-m/libg_nano.a(lib_a-ctype_.o)
                0x00000000080021e8                _ctype_
 *fill*         0x00000000080022e9        0x3 
 .rodata.__sf_fake_stdin
                0x00000000080022ec       0x20 /usr/lib/gcc/arm-none-eabi/4.9.3/../../../arm-none-eabi/lib/armv7-m/libg_nano.a(lib_a-findfp.o)
                0x00000000080022ec                __sf_fake_stdin
 .rodata.__sf_fake_stdout
                0x000000000800230c       0x20 /usr/lib/gcc/arm-none-eabi/4.9.3/../../../arm-none-eabi/lib/armv7-m/libg_nano.a(lib_a-findfp.o)
                0x000000000800230c                __sf_fake_stdout
 .rodata.__sf_fake_stderr
                0x000000000800232c       0x20 /usr/lib/gcc/arm-none-eabi/4.9.3/../../../arm-none-eabi/lib/armv7-m/libg_nano.a(lib_a-findfp.o)
                0x000000000800232c                __sf_fake_stderr
 .rodata.str1.1
                0x000000000800234c        0x2 /usr/lib/gcc/arm-none-eabi/4.9.3/../../../arm-none-eabi/lib/armv7-m/libg_nano.a(lib_a-impure.o)
 *fill*         0x000000000800234e        0x2 
 .rodata._global_impure_ptr
                0x0000000008002350        0x4 /usr/lib/gcc/arm-none-eabi/4.9.3/../../../arm-none-eabi/lib/armv7-m/libg_nano.a(lib_a-impure.o)
                0x0000000008002350                _global_impure_ptr
 .rodata.str1.1
                0x0000000008002354       0x11 /usr/lib/gcc/arm-none-eabi/4.9.3/../../../arm-none-eabi/lib/armv7-m/libg_nano.a(lib_a-nano-vfprintf.o)
 .rodata.str1.1
                0x0000000008002365       0x22 /usr/lib/gcc/arm-none-eabi/4.9.3/../../../arm-none-eabi/lib/armv7-m/libg_nano.a(lib_a-nano-vfprintf_i.o)
 .rodata.str1.1
                0x0000000008002387       0x11 /usr/lib/gcc/arm-none-eabi/4.9.3/../../../arm-none-eabi/lib/armv7-m/libg_nano.a(lib_a-nano-svfprintf.o)
 *(vtable)
 *(.eh_frame*)
 *fill*         0x0000000008002387        0x1 
 .eh_frame      0x0000000008002388       0x28 /usr/lib/gcc/arm-none-eabi/4.9.3/../../../arm-none-eabi/lib/armv7-m/libg_nano.a(lib_a-strcmp.o)
 *(.glue_7)
 .glue_7        0x00000000080023b0        0x0 linker stubs
 *(.glue_7t)
 .glue_7t       0x00000000080023b0        0x0 linker stubs

.vfp11_veneer   0x00000000080023b0        0x0
 .vfp11_veneer  0x00000000080023b0        0x0 linker stubs

.v4_bx          0x00000000080023b0        0x0
 .v4_bx         0x00000000080023b0        0x0 linker stubs

.iplt           0x00000000080023b0        0x0
 .iplt          0x00000000080023b0        0x0 ./system/src/stm32f1-stdperiph/misc.o

.rel.dyn        0x00000000080023b0        0x0
 .rel.iplt      0x00000000080023b0        0x0 ./system/src/stm32f1-stdperiph/misc.o

.ARM.extab
 *(.ARM.extab* .gnu.linkonce.armextab.*)
                0x00000000080023b0                . = ALIGN (0x4)
                0x00000000080023b0                __exidx_start = .

.ARM.exidx
 *(.ARM.exidx* .gnu.linkonce.armexidx.*)
                0x00000000080023b0                __exidx_end = .
                0x00000000080023b0                . = ALIGN (0x4)
                0x00000000080023b0                _etext = .
                0x00000000080023b0                __etext = .

.data_CCMRAM    0x0000000000000000        0x0 load address 0x00000000080023b0
 FILL mask 0xff
 *(.data.CCMRAM .data.CCMRAM.*)
                0x0000000000000000                . = ALIGN (0x4)
                0x00000000080023b0                _sidata = LOADADDR (.data)

.data           0x0000000020000000       0x84 load address 0x00000000080023b0
 FILL mask 0xff
                0x0000000020000000                _sdata = .
                0x0000000020000000                __data_start__ = .
 *(.data_begin .data_begin.*)
 .data_begin    0x0000000020000000        0x4 ./system/src/newlib/_startup.o
 *(.data .data.*)
 .data.AHBPrescTable
                0x0000000020000004       0x10 ./system/src/cmsis/system_stm32f10x.o
                0x0000000020000004                AHBPrescTable
 .data.SystemCoreClock
                0x0000000020000014        0x4 ./system/src/cmsis/system_stm32f10x.o
                0x0000000020000014                SystemCoreClock
 .data.__ctype_ptr__
                0x0000000020000018        0x4 /usr/lib/gcc/arm-none-eabi/4.9.3/../../../arm-none-eabi/lib/armv7-m/libg_nano.a(lib_a-ctype_.o)
                0x0000000020000018                __ctype_ptr__
 .data.impure_data
                0x000000002000001c       0x60 /usr/lib/gcc/arm-none-eabi/4.9.3/../../../arm-none-eabi/lib/armv7-m/libg_nano.a(lib_a-impure.o)
 .data._impure_ptr
                0x000000002000007c        0x4 /usr/lib/gcc/arm-none-eabi/4.9.3/../../../arm-none-eabi/lib/armv7-m/libg_nano.a(lib_a-impure.o)
                0x000000002000007c                _impure_ptr
 *(.data_end .data_end.*)
 .data_end      0x0000000020000080        0x4 ./system/src/newlib/_startup.o
                0x0000000020000084                . = ALIGN (0x4)
                0x0000000020000084                _edata = .
                0x0000000020000084                __data_end__ = .

.igot.plt       0x0000000020000084        0x0 load address 0x0000000008002434
 .igot.plt      0x0000000020000084        0x0 ./system/src/stm32f1-stdperiph/misc.o

.bss_CCMRAM     0x0000000000000000        0x0
 *(.bss.CCMRAM .bss.CCMRAM.*)

.bss            0x0000000020000084      0x1ec
                0x0000000020000084                __bss_start__ = .
                0x0000000020000084                _sbss = .
 *(.bss_begin .bss_begin.*)
 .bss_begin     0x0000000020000084        0x4 ./system/src/newlib/_startup.o
 *(.bss .bss.*)
 .bss.current_heap_end.4310
                0x0000000020000088        0x4 ./system/src/newlib/_sbrk.o
 .bss.monitor_stdout
                0x000000002000008c        0x4 ./system/src/newlib/_syscalls.o
 .bss.args_buf.6026
                0x0000000020000090       0x50 ./system/src/newlib/_syscalls.o
 .bss.monitor_stdin
                0x00000000200000e0        0x4 ./system/src/newlib/_syscalls.o
 .bss.monitor_stderr
                0x00000000200000e4        0x4 ./system/src/newlib/_syscalls.o
 .bss.argv_buf.6027
                0x00000000200000e8       0x28 ./system/src/newlib/_syscalls.o
 .bss.openfiles
                0x0000000020000110       0xa0 ./system/src/newlib/_syscalls.o
 .bss.buf.5446  0x00000000200001b0       0x80 ./system/src/diag/Trace.o
 .bss.g_ticks   0x0000000020000230        0x4 ./src/main.o
                0x0000000020000230                g_ticks
 .bss.__malloc_sbrk_start
                0x0000000020000234        0x4 /usr/lib/gcc/arm-none-eabi/4.9.3/../../../arm-none-eabi/lib/armv7-m/libg_nano.a(lib_a-nano-mallocr.o)
                0x0000000020000234                __malloc_sbrk_start
 .bss.__malloc_free_list
                0x0000000020000238        0x4 /usr/lib/gcc/arm-none-eabi/4.9.3/../../../arm-none-eabi/lib/armv7-m/libg_nano.a(lib_a-nano-mallocr.o)
                0x0000000020000238                __malloc_free_list
 *(COMMON)
 COMMON         0x000000002000023c        0x4 ./system/src/newlib/_syscalls.o
                0x000000002000023c                errno
 COMMON         0x0000000020000240       0x2c ./contrib/fos/src/kernel.o
                0x0000000020000240                g_fos_tasks
                0x0000000020000268                g_fos_task_count
 *(.bss_end .bss_end.*)
 .bss_end       0x000000002000026c        0x4 ./system/src/newlib/_startup.o
                0x0000000020000270                . = ALIGN (0x4)
                0x0000000020000270                __bss_end__ = .
                0x0000000020000270                _ebss = .

.noinit_CCMRAM
 *(.noinit.CCMRAM .noinit.CCMRAM.*)

.noinit         0x0000000020000270        0x0
                0x0000000020000270                _noinit = .
 *(.noinit .noinit.*)
                0x0000000020000270                . = ALIGN (0x4)
                0x0000000020000270                _end_noinit = .
                [!provide]                        PROVIDE (end, _end_noinit)
                [!provide]                        PROVIDE (_end, _end_noinit)
                [!provide]                        PROVIDE (__end, _end_noinit)
                [!provide]                        PROVIDE (__end__, _end_noinit)

._check_stack   0x0000000020000270      0x100
                0x0000000020000370                . = (. + _Minimum_Stack_Size)
 *fill*         0x0000000020000270      0x100 

.b1text
 *(.b1text)
 *(.b1rodata)
 *(.b1rodata.*)

.eb0text
 *(.eb0text)
 *(.eb0rodata)
 *(.eb0rodata.*)

.eb1text
 *(.eb1text)
 *(.eb1rodata)
 *(.eb1rodata.*)

.eb2text
 *(.eb2text)
 *(.eb2rodata)
 *(.eb2rodata.*)

.eb3text
 *(.eb3text)
 *(.eb3rodata)
 *(.eb3rodata.*)

.stab
 *(.stab)

.stabstr
 *(.stabstr)

.stab.excl
 *(.stab.excl)

.stab.exclstr
 *(.stab.exclstr)

.stab.index
 *(.stab.index)

.stab.indexstr
 *(.stab.indexstr)

.comment        0x0000000000000000       0x70
 *(.comment)
 .comment       0x0000000000000000       0x38 ./system/src/newlib/_sbrk.o
                                         0x39 (size before relaxing)
 .comment       0x0000000000000038       0x39 ./system/src/newlib/_startup.o
 .comment       0x0000000000000038       0x39 ./system/src/newlib/_syscalls.o
 .comment       0x0000000000000038       0x39 ./system/src/diag/Trace.o
 .comment       0x0000000000000038       0x39 ./system/src/diag/trace_impl.o
 .comment       0x0000000000000038       0x39 ./system/src/cortexm/_initialize_hardware.o
 .comment       0x0000000000000038       0x39 ./system/src/cortexm/exception_handlers.o
 .comment       0x0000000000000038       0x39 ./system/src/cmsis/system_stm32f10x.o
 .comment       0x0000000000000038       0x39 ./system/src/cmsis/vectors_stm32f10x.o
 .comment       0x0000000000000038       0x39 ./src/main.o
 .comment       0x0000000000000038       0x39 ./contrib/fos/src/kernel.o
 .comment       0x0000000000000038       0x38 /usr/lib/gcc/arm-none-eabi/4.9.3/../../../arm-none-eabi/lib/armv7-m/libg_nano.a(lib_a-ctype_.o)
                                         0x39 (size before relaxing)
 .comment       0x0000000000000070       0x39 /usr/lib/gcc/arm-none-eabi/4.9.3/../../../arm-none-eabi/lib/armv7-m/libg_nano.a(lib_a-errno.o)
 .comment       0x0000000000000070       0x39 /usr/lib/gcc/arm-none-eabi/4.9.3/../../../arm-none-eabi/lib/armv7-m/libg_nano.a(lib_a-findfp.o)
 .comment       0x0000000000000070       0x39 /usr/lib/gcc/arm-none-eabi/4.9.3/../../../arm-none-eabi/lib/armv7-m/libg_nano.a(lib_a-fprintf.o)
 .comment       0x0000000000000070       0x39 /usr/lib/gcc/arm-none-eabi/4.9.3/../../../arm-none-eabi/lib/armv7-m/libg_nano.a(lib_a-fwalk.o)
 .comment       0x0000000000000070       0x39 /usr/lib/gcc/arm-none-eabi/4.9.3/../../../arm-none-eabi/lib/armv7-m/libg_nano.a(lib_a-fwrite.o)
 .comment       0x0000000000000070       0x39 /usr/lib/gcc/arm-none-eabi/4.9.3/../../../arm-none-eabi/lib/armv7-m/libg_nano.a(lib_a-impure.o)
 .comment       0x0000000000000070       0x39 /usr/lib/gcc/arm-none-eabi/4.9.3/../../../arm-none-eabi/lib/armv7-m/libg_nano.a(lib_a-memset.o)
 .comment       0x0000000000000070       0x39 /usr/lib/gcc/arm-none-eabi/4.9.3/../../../arm-none-eabi/lib/armv7-m/libg_nano.a(lib_a-nano-mallocr.o)
 .comment       0x0000000000000070       0x39 /usr/lib/gcc/arm-none-eabi/4.9.3/../../../arm-none-eabi/lib/armv7-m/libg_nano.a(lib_a-nano-vfprintf.o)
 .comment       0x0000000000000070       0x39 /usr/lib/gcc/arm-none-eabi/4.9.3/../../../arm-none-eabi/lib/armv7-m/libg_nano.a(lib_a-nano-vfprintf_i.o)
 .comment       0x0000000000000070       0x39 /usr/lib/gcc/arm-none-eabi/4.9.3/../../../arm-none-eabi/lib/armv7-m/libg_nano.a(lib_a-sbrkr.o)
 .comment       0x0000000000000070       0x39 /usr/lib/gcc/arm-none-eabi/4.9.3/../../../arm-none-eabi/lib/armv7-m/libg_nano.a(lib_a-stdio.o)
 .comment       0x0000000000000070       0x39 /usr/lib/gcc/arm-none-eabi/4.9.3/../../../arm-none-eabi/lib/armv7-m/libg_nano.a(lib_a-vsnprintf.o)
 .comment       0x0000000000000070       0x39 /usr/lib/gcc/arm-none-eabi/4.9.3/../../../arm-none-eabi/lib/armv7-m/libg_nano.a(lib_a-wbuf.o)
 .comment       0x0000000000000070       0x39 /usr/lib/gcc/arm-none-eabi/4.9.3/../../../arm-none-eabi/lib/armv7-m/libg_nano.a(lib_a-writer.o)
 .comment       0x0000000000000070       0x39 /usr/lib/gcc/arm-none-eabi/4.9.3/../../../arm-none-eabi/lib/armv7-m/libg_nano.a(lib_a-wsetup.o)
 .comment       0x0000000000000070       0x39 /usr/lib/gcc/arm-none-eabi/4.9.3/../../../arm-none-eabi/lib/armv7-m/libg_nano.a(lib_a-closer.o)
 .comment       0x0000000000000070       0x39 /usr/lib/gcc/arm-none-eabi/4.9.3/../../../arm-none-eabi/lib/armv7-m/libg_nano.a(lib_a-fflush.o)
 .comment       0x0000000000000070       0x39 /usr/lib/gcc/arm-none-eabi/4.9.3/../../../arm-none-eabi/lib/armv7-m/libg_nano.a(lib_a-lseekr.o)
 .comment       0x0000000000000070       0x39 /usr/lib/gcc/arm-none-eabi/4.9.3/../../../arm-none-eabi/lib/armv7-m/libg_nano.a(lib_a-makebuf.o)
 .comment       0x0000000000000070       0x39 /usr/lib/gcc/arm-none-eabi/4.9.3/../../../arm-none-eabi/lib/armv7-m/libg_nano.a(lib_a-memchr.o)
 .comment       0x0000000000000070       0x39 /usr/lib/gcc/arm-none-eabi/4.9.3/../../../arm-none-eabi/lib/armv7-m/libg_nano.a(lib_a-memcpy.o)
 .comment       0x0000000000000070       0x39 /usr/lib/gcc/arm-none-eabi/4.9.3/../../../arm-none-eabi/lib/armv7-m/libg_nano.a(lib_a-memmove.o)
 .comment       0x0000000000000070       0x39 /usr/lib/gcc/arm-none-eabi/4.9.3/../../../arm-none-eabi/lib/armv7-m/libg_nano.a(lib_a-nano-freer.o)
 .comment       0x0000000000000070       0x39 /usr/lib/gcc/arm-none-eabi/4.9.3/../../../arm-none-eabi/lib/armv7-m/libg_nano.a(lib_a-nano-reallocr.o)
 .comment       0x0000000000000070       0x39 /usr/lib/gcc/arm-none-eabi/4.9.3/../../../arm-none-eabi/lib/armv7-m/libg_nano.a(lib_a-nano-svfprintf.o)
 .comment       0x0000000000000070       0x39 /usr/lib/gcc/arm-none-eabi/4.9.3/../../../arm-none-eabi/lib/armv7-m/libg_nano.a(lib_a-readr.o)
 .comment       0x0000000000000070       0x39 /usr/lib/gcc/arm-none-eabi/4.9.3/../../../arm-none-eabi/lib/armv7-m/libg_nano.a(lib_a-fstatr.o)
 .comment       0x0000000000000070       0x39 /usr/lib/gcc/arm-none-eabi/4.9.3/../../../arm-none-eabi/lib/armv7-m/libg_nano.a(lib_a-isattyr.o)
 .comment       0x0000000000000070       0x39 /usr/lib/gcc/arm-none-eabi/4.9.3/../../../arm-none-eabi/lib/armv7-m/libg_nano.a(lib_a-nano-msizer.o)

.ARM.attributes
                0x0000000000000000       0x31
 .ARM.attributes
                0x0000000000000000       0x33 ./system/src/newlib/_sbrk.o
 .ARM.attributes
                0x0000000000000033       0x33 ./system/src/newlib/_startup.o
 .ARM.attributes
                0x0000000000000066       0x33 ./system/src/newlib/_syscalls.o
 .ARM.attributes
                0x0000000000000099       0x33 ./system/src/diag/Trace.o
 .ARM.attributes
                0x00000000000000cc       0x33 ./system/src/diag/trace_impl.o
 .ARM.attributes
                0x00000000000000ff       0x33 ./system/src/cortexm/_initialize_hardware.o
 .ARM.attributes
                0x0000000000000132       0x33 ./system/src/cortexm/exception_handlers.o
 .ARM.attributes
                0x0000000000000165       0x33 ./system/src/cmsis/system_stm32f10x.o
 .ARM.attributes
                0x0000000000000198       0x33 ./system/src/cmsis/vectors_stm32f10x.o
 .ARM.attributes
                0x00000000000001cb       0x33 ./src/main.o
 .ARM.attributes
                0x00000000000001fe       0x33 ./contrib/fos/src/kernel.o
 .ARM.attributes
                0x0000000000000231       0x2d /usr/lib/gcc/arm-none-eabi/4.9.3/../../../arm-none-eabi/lib/armv7-m/libg_nano.a(lib_a-ctype_.o)
 .ARM.attributes
                0x000000000000025e       0x2d /usr/lib/gcc/arm-none-eabi/4.9.3/../../../arm-none-eabi/lib/armv7-m/libg_nano.a(lib_a-errno.o)
 .ARM.attributes
                0x000000000000028b       0x2d /usr/lib/gcc/arm-none-eabi/4.9.3/../../../arm-none-eabi/lib/armv7-m/libg_nano.a(lib_a-findfp.o)
 .ARM.attributes
                0x00000000000002b8       0x2d /usr/lib/gcc/arm-none-eabi/4.9.3/../../../arm-none-eabi/lib/armv7-m/libg_nano.a(lib_a-fprintf.o)
 .ARM.attributes
                0x00000000000002e5       0x2d /usr/lib/gcc/arm-none-eabi/4.9.3/../../../arm-none-eabi/lib/armv7-m/libg_nano.a(lib_a-fwalk.o)
 .ARM.attributes
                0x0000000000000312       0x2d /usr/lib/gcc/arm-none-eabi/4.9.3/../../../arm-none-eabi/lib/armv7-m/libg_nano.a(lib_a-fwrite.o)
 .ARM.attributes
                0x000000000000033f       0x2d /usr/lib/gcc/arm-none-eabi/4.9.3/../../../arm-none-eabi/lib/armv7-m/libg_nano.a(lib_a-impure.o)
 .ARM.attributes
                0x000000000000036c       0x2d /usr/lib/gcc/arm-none-eabi/4.9.3/../../../arm-none-eabi/lib/armv7-m/libg_nano.a(lib_a-memset.o)
 .ARM.attributes
                0x0000000000000399       0x2d /usr/lib/gcc/arm-none-eabi/4.9.3/../../../arm-none-eabi/lib/armv7-m/libg_nano.a(lib_a-nano-mallocr.o)
 .ARM.attributes
                0x00000000000003c6       0x2d /usr/lib/gcc/arm-none-eabi/4.9.3/../../../arm-none-eabi/lib/armv7-m/libg_nano.a(lib_a-nano-vfprintf.o)
 .ARM.attributes
                0x00000000000003f3       0x2d /usr/lib/gcc/arm-none-eabi/4.9.3/../../../arm-none-eabi/lib/armv7-m/libg_nano.a(lib_a-nano-vfprintf_i.o)
 .ARM.attributes
                0x0000000000000420       0x2d /usr/lib/gcc/arm-none-eabi/4.9.3/../../../arm-none-eabi/lib/armv7-m/libg_nano.a(lib_a-sbrkr.o)
 .ARM.attributes
                0x000000000000044d       0x2d /usr/lib/gcc/arm-none-eabi/4.9.3/../../../arm-none-eabi/lib/armv7-m/libg_nano.a(lib_a-stdio.o)
 .ARM.attributes
                0x000000000000047a       0x1b /usr/lib/gcc/arm-none-eabi/4.9.3/../../../arm-none-eabi/lib/armv7-m/libg_nano.a(lib_a-strcmp.o)
 .ARM.attributes
                0x0000000000000495       0x2d /usr/lib/gcc/arm-none-eabi/4.9.3/../../../arm-none-eabi/lib/armv7-m/libg_nano.a(lib_a-vsnprintf.o)
 .ARM.attributes
                0x00000000000004c2       0x2d /usr/lib/gcc/arm-none-eabi/4.9.3/../../../arm-none-eabi/lib/armv7-m/libg_nano.a(lib_a-wbuf.o)
 .ARM.attributes
                0x00000000000004ef       0x2d /usr/lib/gcc/arm-none-eabi/4.9.3/../../../arm-none-eabi/lib/armv7-m/libg_nano.a(lib_a-writer.o)
 .ARM.attributes
                0x000000000000051c       0x2d /usr/lib/gcc/arm-none-eabi/4.9.3/../../../arm-none-eabi/lib/armv7-m/libg_nano.a(lib_a-wsetup.o)
 .ARM.attributes
                0x0000000000000549       0x2d /usr/lib/gcc/arm-none-eabi/4.9.3/../../../arm-none-eabi/lib/armv7-m/libg_nano.a(lib_a-closer.o)
 .ARM.attributes
                0x0000000000000576       0x2d /usr/lib/gcc/arm-none-eabi/4.9.3/../../../arm-none-eabi/lib/armv7-m/libg_nano.a(lib_a-fflush.o)
 .ARM.attributes
                0x00000000000005a3       0x2d /usr/lib/gcc/arm-none-eabi/4.9.3/../../../arm-none-eabi/lib/armv7-m/libg_nano.a(lib_a-lseekr.o)
 .ARM.attributes
                0x00000000000005d0       0x2d /usr/lib/gcc/arm-none-eabi/4.9.3/../../../arm-none-eabi/lib/armv7-m/libg_nano.a(lib_a-makebuf.o)
 .ARM.attributes
                0x00000000000005fd       0x2d /usr/lib/gcc/arm-none-eabi/4.9.3/../../../arm-none-eabi/lib/armv7-m/libg_nano.a(lib_a-memchr.o)
 .ARM.attributes
                0x000000000000062a       0x2d /usr/lib/gcc/arm-none-eabi/4.9.3/../../../arm-none-eabi/lib/armv7-m/libg_nano.a(lib_a-memcpy.o)
 .ARM.attributes
                0x0000000000000657       0x2d /usr/lib/gcc/arm-none-eabi/4.9.3/../../../arm-none-eabi/lib/armv7-m/libg_nano.a(lib_a-memmove.o)
 .ARM.attributes
                0x0000000000000684       0x2d /usr/lib/gcc/arm-none-eabi/4.9.3/../../../arm-none-eabi/lib/armv7-m/libg_nano.a(lib_a-nano-freer.o)
 .ARM.attributes
                0x00000000000006b1       0x2d /usr/lib/gcc/arm-none-eabi/4.9.3/../../../arm-none-eabi/lib/armv7-m/libg_nano.a(lib_a-nano-reallocr.o)
 .ARM.attributes
                0x00000000000006de       0x2d /usr/lib/gcc/arm-none-eabi/4.9.3/../../../arm-none-eabi/lib/armv7-m/libg_nano.a(lib_a-nano-svfprintf.o)
 .ARM.attributes
                0x000000000000070b       0x2d /usr/lib/gcc/arm-none-eabi/4.9.3/../../../arm-none-eabi/lib/armv7-m/libg_nano.a(lib_a-readr.o)
 .ARM.attributes
                0x0000000000000738       0x2d /usr/lib/gcc/arm-none-eabi/4.9.3/../../../arm-none-eabi/lib/armv7-m/libg_nano.a(lib_a-fstatr.o)
 .ARM.attributes
                0x0000000000000765       0x2d /usr/lib/gcc/arm-none-eabi/4.9.3/../../../arm-none-eabi/lib/armv7-m/libg_nano.a(lib_a-isattyr.o)
 .ARM.attributes
                0x0000000000000792       0x2d /usr/lib/gcc/arm-none-eabi/4.9.3/../../../arm-none-eabi/lib/armv7-m/libg_nano.a(lib_a-nano-msizer.o)

.debug
 *(.debug)

.line
 *(.line)

.debug_srcinfo
 *(.debug_srcinfo)

.debug_sfnames
 *(.debug_sfnames)

.debug_aranges  0x0000000000000000      0x848
 *(.debug_aranges)
 .debug_aranges
                0x0000000000000000       0x20 ./system/src/newlib/_sbrk.o
 .debug_aranges
                0x0000000000000020       0x40 ./system/src/newlib/_startup.o
 .debug_aranges
                0x0000000000000060      0x120 ./system/src/newlib/_syscalls.o
 .debug_aranges
                0x0000000000000180       0x38 ./system/src/diag/Trace.o
 .debug_aranges
                0x00000000000001b8       0x30 ./system/src/diag/trace_impl.o
 .debug_aranges
                0x00000000000001e8       0x28 ./system/src/cortexm/_initialize_hardware.o
 .debug_aranges
                0x0000000000000210       0x90 ./system/src/cortexm/exception_handlers.o
 .debug_aranges
                0x00000000000002a0       0x38 ./system/src/cmsis/system_stm32f10x.o
 .debug_aranges
                0x00000000000002d8       0x20 ./system/src/cmsis/vectors_stm32f10x.o
 .debug_aranges
                0x00000000000002f8       0x38 ./src/main.o
 .debug_aranges
                0x0000000000000330       0x30 ./contrib/fos/src/kernel.o
 .debug_aranges
                0x0000000000000360       0x18 /usr/lib/gcc/arm-none-eabi/4.9.3/../../../arm-none-eabi/lib/armv7-m/libg_nano.a(lib_a-ctype_.o)
 .debug_aranges
                0x0000000000000378       0x20 /usr/lib/gcc/arm-none-eabi/4.9.3/../../../arm-none-eabi/lib/armv7-m/libg_nano.a(lib_a-errno.o)
 .debug_aranges
                0x0000000000000398       0x88 /usr/lib/gcc/arm-none-eabi/4.9.3/../../../arm-none-eabi/lib/armv7-m/libg_nano.a(lib_a-findfp.o)
 .debug_aranges
                0x0000000000000420       0x28 /usr/lib/gcc/arm-none-eabi/4.9.3/../../../arm-none-eabi/lib/armv7-m/libg_nano.a(lib_a-fprintf.o)
 .debug_aranges
                0x0000000000000448       0x28 /usr/lib/gcc/arm-none-eabi/4.9.3/../../../arm-none-eabi/lib/armv7-m/libg_nano.a(lib_a-fwalk.o)
 .debug_aranges
                0x0000000000000470       0x28 /usr/lib/gcc/arm-none-eabi/4.9.3/../../../arm-none-eabi/lib/armv7-m/libg_nano.a(lib_a-fwrite.o)
 .debug_aranges
                0x0000000000000498       0x18 /usr/lib/gcc/arm-none-eabi/4.9.3/../../../arm-none-eabi/lib/armv7-m/libg_nano.a(lib_a-impure.o)
 .debug_aranges
                0x00000000000004b0       0x20 /usr/lib/gcc/arm-none-eabi/4.9.3/../../../arm-none-eabi/lib/armv7-m/libg_nano.a(lib_a-memset.o)
 .debug_aranges
                0x00000000000004d0       0x20 /usr/lib/gcc/arm-none-eabi/4.9.3/../../../arm-none-eabi/lib/armv7-m/libg_nano.a(lib_a-nano-mallocr.o)
 .debug_aranges
                0x00000000000004f0       0x40 /usr/lib/gcc/arm-none-eabi/4.9.3/../../../arm-none-eabi/lib/armv7-m/libg_nano.a(lib_a-nano-vfprintf.o)
 .debug_aranges
                0x0000000000000530       0x28 /usr/lib/gcc/arm-none-eabi/4.9.3/../../../arm-none-eabi/lib/armv7-m/libg_nano.a(lib_a-nano-vfprintf_i.o)
 .debug_aranges
                0x0000000000000558       0x20 /usr/lib/gcc/arm-none-eabi/4.9.3/../../../arm-none-eabi/lib/armv7-m/libg_nano.a(lib_a-sbrkr.o)
 .debug_aranges
                0x0000000000000578       0x40 /usr/lib/gcc/arm-none-eabi/4.9.3/../../../arm-none-eabi/lib/armv7-m/libg_nano.a(lib_a-stdio.o)
 .debug_aranges
                0x00000000000005b8       0x20 /usr/lib/gcc/arm-none-eabi/4.9.3/../../../arm-none-eabi/lib/armv7-m/libg_nano.a(lib_a-strcmp.o)
 .debug_aranges
                0x00000000000005d8       0x28 /usr/lib/gcc/arm-none-eabi/4.9.3/../../../arm-none-eabi/lib/armv7-m/libg_nano.a(lib_a-vsnprintf.o)
 .debug_aranges
                0x0000000000000600       0x28 /usr/lib/gcc/arm-none-eabi/4.9.3/../../../arm-none-eabi/lib/armv7-m/libg_nano.a(lib_a-wbuf.o)
 .debug_aranges
                0x0000000000000628       0x20 /usr/lib/gcc/arm-none-eabi/4.9.3/../../../arm-none-eabi/lib/armv7-m/libg_nano.a(lib_a-writer.o)
 .debug_aranges
                0x0000000000000648       0x20 /usr/lib/gcc/arm-none-eabi/4.9.3/../../../arm-none-eabi/lib/armv7-m/libg_nano.a(lib_a-wsetup.o)
 .debug_aranges
                0x0000000000000668       0x20 /usr/lib/gcc/arm-none-eabi/4.9.3/../../../arm-none-eabi/lib/armv7-m/libg_nano.a(lib_a-closer.o)
 .debug_aranges
                0x0000000000000688       0x30 /usr/lib/gcc/arm-none-eabi/4.9.3/../../../arm-none-eabi/lib/armv7-m/libg_nano.a(lib_a-fflush.o)
 .debug_aranges
                0x00000000000006b8       0x20 /usr/lib/gcc/arm-none-eabi/4.9.3/../../../arm-none-eabi/lib/armv7-m/libg_nano.a(lib_a-lseekr.o)
 .debug_aranges
                0x00000000000006d8       0x20 /usr/lib/gcc/arm-none-eabi/4.9.3/../../../arm-none-eabi/lib/armv7-m/libg_nano.a(lib_a-makebuf.o)
 .debug_aranges
                0x00000000000006f8       0x20 /usr/lib/gcc/arm-none-eabi/4.9.3/../../../arm-none-eabi/lib/armv7-m/libg_nano.a(lib_a-memchr.o)
 .debug_aranges
                0x0000000000000718       0x20 /usr/lib/gcc/arm-none-eabi/4.9.3/../../../arm-none-eabi/lib/armv7-m/libg_nano.a(lib_a-memcpy.o)
 .debug_aranges
                0x0000000000000738       0x20 /usr/lib/gcc/arm-none-eabi/4.9.3/../../../arm-none-eabi/lib/armv7-m/libg_nano.a(lib_a-memmove.o)
 .debug_aranges
                0x0000000000000758       0x20 /usr/lib/gcc/arm-none-eabi/4.9.3/../../../arm-none-eabi/lib/armv7-m/libg_nano.a(lib_a-nano-freer.o)
 .debug_aranges
                0x0000000000000778       0x20 /usr/lib/gcc/arm-none-eabi/4.9.3/../../../arm-none-eabi/lib/armv7-m/libg_nano.a(lib_a-nano-reallocr.o)
 .debug_aranges
                0x0000000000000798       0x30 /usr/lib/gcc/arm-none-eabi/4.9.3/../../../arm-none-eabi/lib/armv7-m/libg_nano.a(lib_a-nano-svfprintf.o)
 .debug_aranges
                0x00000000000007c8       0x20 /usr/lib/gcc/arm-none-eabi/4.9.3/../../../arm-none-eabi/lib/armv7-m/libg_nano.a(lib_a-readr.o)
 .debug_aranges
                0x00000000000007e8       0x20 /usr/lib/gcc/arm-none-eabi/4.9.3/../../../arm-none-eabi/lib/armv7-m/libg_nano.a(lib_a-fstatr.o)
 .debug_aranges
                0x0000000000000808       0x20 /usr/lib/gcc/arm-none-eabi/4.9.3/../../../arm-none-eabi/lib/armv7-m/libg_nano.a(lib_a-isattyr.o)
 .debug_aranges
                0x0000000000000828       0x20 /usr/lib/gcc/arm-none-eabi/4.9.3/../../../arm-none-eabi/lib/armv7-m/libg_nano.a(lib_a-nano-msizer.o)

.debug_pubnames
 *(.debug_pubnames)

.debug_info     0x0000000000000000    0x1419f
 *(.debug_info .gnu.linkonce.wi.*)
 .debug_info    0x0000000000000000      0x125 ./system/src/newlib/_sbrk.o
 .debug_info    0x0000000000000125      0x480 ./system/src/newlib/_startup.o
 .debug_info    0x00000000000005a5     0x1ef5 ./system/src/newlib/_syscalls.o
 .debug_info    0x000000000000249a      0x32b ./system/src/diag/Trace.o
 .debug_info    0x00000000000027c5      0x310 ./system/src/diag/trace_impl.o
 .debug_info    0x0000000000002ad5      0x2b5 ./system/src/cortexm/_initialize_hardware.o
 .debug_info    0x0000000000002d8a      0x9a6 ./system/src/cortexm/exception_handlers.o
 .debug_info    0x0000000000003730      0x4a0 ./system/src/cmsis/system_stm32f10x.o
 .debug_info    0x0000000000003bd0       0xd1 ./system/src/cmsis/vectors_stm32f10x.o
 .debug_info    0x0000000000003ca1     0x1037 ./src/main.o
 .debug_info    0x0000000000004cd8      0x13b ./contrib/fos/src/kernel.o
 .debug_info    0x0000000000004e13       0x6f /usr/lib/gcc/arm-none-eabi/4.9.3/../../../arm-none-eabi/lib/armv7-m/libg_nano.a(lib_a-ctype_.o)
 .debug_info    0x0000000000004e82      0x735 /usr/lib/gcc/arm-none-eabi/4.9.3/../../../arm-none-eabi/lib/armv7-m/libg_nano.a(lib_a-errno.o)
 .debug_info    0x00000000000055b7      0xd5a /usr/lib/gcc/arm-none-eabi/4.9.3/../../../arm-none-eabi/lib/armv7-m/libg_nano.a(lib_a-findfp.o)
 .debug_info    0x0000000000006311      0x86e /usr/lib/gcc/arm-none-eabi/4.9.3/../../../arm-none-eabi/lib/armv7-m/libg_nano.a(lib_a-fprintf.o)
 .debug_info    0x0000000000006b7f      0x846 /usr/lib/gcc/arm-none-eabi/4.9.3/../../../arm-none-eabi/lib/armv7-m/libg_nano.a(lib_a-fwalk.o)
 .debug_info    0x00000000000073c5      0x97e /usr/lib/gcc/arm-none-eabi/4.9.3/../../../arm-none-eabi/lib/armv7-m/libg_nano.a(lib_a-fwrite.o)
 .debug_info    0x0000000000007d43      0x7d3 /usr/lib/gcc/arm-none-eabi/4.9.3/../../../arm-none-eabi/lib/armv7-m/libg_nano.a(lib_a-impure.o)
 .debug_info    0x0000000000008516       0xd3 /usr/lib/gcc/arm-none-eabi/4.9.3/../../../arm-none-eabi/lib/armv7-m/libg_nano.a(lib_a-memset.o)
 .debug_info    0x00000000000085e9      0x8fb /usr/lib/gcc/arm-none-eabi/4.9.3/../../../arm-none-eabi/lib/armv7-m/libg_nano.a(lib_a-nano-mallocr.o)
 .debug_info    0x0000000000008ee4      0xe05 /usr/lib/gcc/arm-none-eabi/4.9.3/../../../arm-none-eabi/lib/armv7-m/libg_nano.a(lib_a-nano-vfprintf.o)
 .debug_info    0x0000000000009ce9      0xb5b /usr/lib/gcc/arm-none-eabi/4.9.3/../../../arm-none-eabi/lib/armv7-m/libg_nano.a(lib_a-nano-vfprintf_i.o)
 .debug_info    0x000000000000a844      0x7a0 /usr/lib/gcc/arm-none-eabi/4.9.3/../../../arm-none-eabi/lib/armv7-m/libg_nano.a(lib_a-sbrkr.o)
 .debug_info    0x000000000000afe4      0xa36 /usr/lib/gcc/arm-none-eabi/4.9.3/../../../arm-none-eabi/lib/armv7-m/libg_nano.a(lib_a-stdio.o)
 .debug_info    0x000000000000ba1a       0xd4 /usr/lib/gcc/arm-none-eabi/4.9.3/../../../arm-none-eabi/lib/armv7-m/libg_nano.a(lib_a-strcmp.o)
 .debug_info    0x000000000000baee      0x897 /usr/lib/gcc/arm-none-eabi/4.9.3/../../../arm-none-eabi/lib/armv7-m/libg_nano.a(lib_a-vsnprintf.o)
 .debug_info    0x000000000000c385      0x916 /usr/lib/gcc/arm-none-eabi/4.9.3/../../../arm-none-eabi/lib/armv7-m/libg_nano.a(lib_a-wbuf.o)
 .debug_info    0x000000000000cc9b      0x7d5 /usr/lib/gcc/arm-none-eabi/4.9.3/../../../arm-none-eabi/lib/armv7-m/libg_nano.a(lib_a-writer.o)
 .debug_info    0x000000000000d470      0x881 /usr/lib/gcc/arm-none-eabi/4.9.3/../../../arm-none-eabi/lib/armv7-m/libg_nano.a(lib_a-wsetup.o)
 .debug_info    0x000000000000dcf1      0x78c /usr/lib/gcc/arm-none-eabi/4.9.3/../../../arm-none-eabi/lib/armv7-m/libg_nano.a(lib_a-closer.o)
 .debug_info    0x000000000000e47d      0xa00 /usr/lib/gcc/arm-none-eabi/4.9.3/../../../arm-none-eabi/lib/armv7-m/libg_nano.a(lib_a-fflush.o)
 .debug_info    0x000000000000ee7d      0x7b8 /usr/lib/gcc/arm-none-eabi/4.9.3/../../../arm-none-eabi/lib/armv7-m/libg_nano.a(lib_a-lseekr.o)
 .debug_info    0x000000000000f635      0x98c /usr/lib/gcc/arm-none-eabi/4.9.3/../../../arm-none-eabi/lib/armv7-m/libg_nano.a(lib_a-makebuf.o)
 .debug_info    0x000000000000ffc1       0xf8 /usr/lib/gcc/arm-none-eabi/4.9.3/../../../arm-none-eabi/lib/armv7-m/libg_nano.a(lib_a-memchr.o)
 .debug_info    0x00000000000100b9      0x104 /usr/lib/gcc/arm-none-eabi/4.9.3/../../../arm-none-eabi/lib/armv7-m/libg_nano.a(lib_a-memcpy.o)
 .debug_info    0x00000000000101bd      0x102 /usr/lib/gcc/arm-none-eabi/4.9.3/../../../arm-none-eabi/lib/armv7-m/libg_nano.a(lib_a-memmove.o)
 .debug_info    0x00000000000102bf      0x81a /usr/lib/gcc/arm-none-eabi/4.9.3/../../../arm-none-eabi/lib/armv7-m/libg_nano.a(lib_a-nano-freer.o)
 .debug_info    0x0000000000010ad9      0x8b5 /usr/lib/gcc/arm-none-eabi/4.9.3/../../../arm-none-eabi/lib/armv7-m/libg_nano.a(lib_a-nano-reallocr.o)
 .debug_info    0x000000000001138e      0xdf4 /usr/lib/gcc/arm-none-eabi/4.9.3/../../../arm-none-eabi/lib/armv7-m/libg_nano.a(lib_a-nano-svfprintf.o)
 .debug_info    0x0000000000012182      0x7ce /usr/lib/gcc/arm-none-eabi/4.9.3/../../../arm-none-eabi/lib/armv7-m/libg_nano.a(lib_a-readr.o)
 .debug_info    0x0000000000012950      0x90a /usr/lib/gcc/arm-none-eabi/4.9.3/../../../arm-none-eabi/lib/armv7-m/libg_nano.a(lib_a-fstatr.o)
 .debug_info    0x000000000001325a      0x78c /usr/lib/gcc/arm-none-eabi/4.9.3/../../../arm-none-eabi/lib/armv7-m/libg_nano.a(lib_a-isattyr.o)
 .debug_info    0x00000000000139e6      0x7b9 /usr/lib/gcc/arm-none-eabi/4.9.3/../../../arm-none-eabi/lib/armv7-m/libg_nano.a(lib_a-nano-msizer.o)

.debug_abbrev   0x0000000000000000     0x465a
 *(.debug_abbrev)
 .debug_abbrev  0x0000000000000000       0xbb ./system/src/newlib/_sbrk.o
 .debug_abbrev  0x00000000000000bb      0x1e9 ./system/src/newlib/_startup.o
 .debug_abbrev  0x00000000000002a4      0x451 ./system/src/newlib/_syscalls.o
 .debug_abbrev  0x00000000000006f5      0x178 ./system/src/diag/Trace.o
 .debug_abbrev  0x000000000000086d      0x1bd ./system/src/diag/trace_impl.o
 .debug_abbrev  0x0000000000000a2a       0xea ./system/src/cortexm/_initialize_hardware.o
 .debug_abbrev  0x0000000000000b14      0x280 ./system/src/cortexm/exception_handlers.o
 .debug_abbrev  0x0000000000000d94      0x157 ./system/src/cmsis/system_stm32f10x.o
 .debug_abbrev  0x0000000000000eeb       0x9d ./system/src/cmsis/vectors_stm32f10x.o
 .debug_abbrev  0x0000000000000f88      0x38c ./src/main.o
 .debug_abbrev  0x0000000000001314      0x105 ./contrib/fos/src/kernel.o
 .debug_abbrev  0x0000000000001419       0x4e /usr/lib/gcc/arm-none-eabi/4.9.3/../../../arm-none-eabi/lib/armv7-m/libg_nano.a(lib_a-ctype_.o)
 .debug_abbrev  0x0000000000001467      0x134 /usr/lib/gcc/arm-none-eabi/4.9.3/../../../arm-none-eabi/lib/armv7-m/libg_nano.a(lib_a-errno.o)
 .debug_abbrev  0x000000000000159b      0x300 /usr/lib/gcc/arm-none-eabi/4.9.3/../../../arm-none-eabi/lib/armv7-m/libg_nano.a(lib_a-findfp.o)
 .debug_abbrev  0x000000000000189b      0x1bb /usr/lib/gcc/arm-none-eabi/4.9.3/../../../arm-none-eabi/lib/armv7-m/libg_nano.a(lib_a-fprintf.o)
 .debug_abbrev  0x0000000000001a56      0x176 /usr/lib/gcc/arm-none-eabi/4.9.3/../../../arm-none-eabi/lib/armv7-m/libg_nano.a(lib_a-fwalk.o)
 .debug_abbrev  0x0000000000001bcc      0x20a /usr/lib/gcc/arm-none-eabi/4.9.3/../../../arm-none-eabi/lib/armv7-m/libg_nano.a(lib_a-fwrite.o)
 .debug_abbrev  0x0000000000001dd6      0x136 /usr/lib/gcc/arm-none-eabi/4.9.3/../../../arm-none-eabi/lib/armv7-m/libg_nano.a(lib_a-impure.o)
 .debug_abbrev  0x0000000000001f0c       0x8e /usr/lib/gcc/arm-none-eabi/4.9.3/../../../arm-none-eabi/lib/armv7-m/libg_nano.a(lib_a-memset.o)
 .debug_abbrev  0x0000000000001f9a      0x250 /usr/lib/gcc/arm-none-eabi/4.9.3/../../../arm-none-eabi/lib/armv7-m/libg_nano.a(lib_a-nano-mallocr.o)
 .debug_abbrev  0x00000000000021ea      0x2a5 /usr/lib/gcc/arm-none-eabi/4.9.3/../../../arm-none-eabi/lib/armv7-m/libg_nano.a(lib_a-nano-vfprintf.o)
 .debug_abbrev  0x000000000000248f      0x1fb /usr/lib/gcc/arm-none-eabi/4.9.3/../../../arm-none-eabi/lib/armv7-m/libg_nano.a(lib_a-nano-vfprintf_i.o)
 .debug_abbrev  0x000000000000268a      0x1a2 /usr/lib/gcc/arm-none-eabi/4.9.3/../../../arm-none-eabi/lib/armv7-m/libg_nano.a(lib_a-sbrkr.o)
 .debug_abbrev  0x000000000000282c      0x1eb /usr/lib/gcc/arm-none-eabi/4.9.3/../../../arm-none-eabi/lib/armv7-m/libg_nano.a(lib_a-stdio.o)
 .debug_abbrev  0x0000000000002a17       0x14 /usr/lib/gcc/arm-none-eabi/4.9.3/../../../arm-none-eabi/lib/armv7-m/libg_nano.a(lib_a-strcmp.o)
 .debug_abbrev  0x0000000000002a2b      0x1ba /usr/lib/gcc/arm-none-eabi/4.9.3/../../../arm-none-eabi/lib/armv7-m/libg_nano.a(lib_a-vsnprintf.o)
 .debug_abbrev  0x0000000000002be5      0x1f7 /usr/lib/gcc/arm-none-eabi/4.9.3/../../../arm-none-eabi/lib/armv7-m/libg_nano.a(lib_a-wbuf.o)
 .debug_abbrev  0x0000000000002ddc      0x199 /usr/lib/gcc/arm-none-eabi/4.9.3/../../../arm-none-eabi/lib/armv7-m/libg_nano.a(lib_a-writer.o)
 .debug_abbrev  0x0000000000002f75      0x1a5 /usr/lib/gcc/arm-none-eabi/4.9.3/../../../arm-none-eabi/lib/armv7-m/libg_nano.a(lib_a-wsetup.o)
 .debug_abbrev  0x000000000000311a      0x194 /usr/lib/gcc/arm-none-eabi/4.9.3/../../../arm-none-eabi/lib/armv7-m/libg_nano.a(lib_a-closer.o)
 .debug_abbrev  0x00000000000032ae      0x24e /usr/lib/gcc/arm-none-eabi/4.9.3/../../../arm-none-eabi/lib/armv7-m/libg_nano.a(lib_a-fflush.o)
 .debug_abbrev  0x00000000000034fc      0x1a3 /usr/lib/gcc/arm-none-eabi/4.9.3/../../../arm-none-eabi/lib/armv7-m/libg_nano.a(lib_a-lseekr.o)
 .debug_abbrev  0x000000000000369f      0x1ab /usr/lib/gcc/arm-none-eabi/4.9.3/../../../arm-none-eabi/lib/armv7-m/libg_nano.a(lib_a-makebuf.o)
 .debug_abbrev  0x000000000000384a       0xab /usr/lib/gcc/arm-none-eabi/4.9.3/../../../arm-none-eabi/lib/armv7-m/libg_nano.a(lib_a-memchr.o)
 .debug_abbrev  0x00000000000038f5       0xa4 /usr/lib/gcc/arm-none-eabi/4.9.3/../../../arm-none-eabi/lib/armv7-m/libg_nano.a(lib_a-memcpy.o)
 .debug_abbrev  0x0000000000003999       0x9c /usr/lib/gcc/arm-none-eabi/4.9.3/../../../arm-none-eabi/lib/armv7-m/libg_nano.a(lib_a-memmove.o)
 .debug_abbrev  0x0000000000003a35      0x1b6 /usr/lib/gcc/arm-none-eabi/4.9.3/../../../arm-none-eabi/lib/armv7-m/libg_nano.a(lib_a-nano-freer.o)
 .debug_abbrev  0x0000000000003beb      0x1cb /usr/lib/gcc/arm-none-eabi/4.9.3/../../../arm-none-eabi/lib/armv7-m/libg_nano.a(lib_a-nano-reallocr.o)
 .debug_abbrev  0x0000000000003db6      0x278 /usr/lib/gcc/arm-none-eabi/4.9.3/../../../arm-none-eabi/lib/armv7-m/libg_nano.a(lib_a-nano-svfprintf.o)
 .debug_abbrev  0x000000000000402e      0x194 /usr/lib/gcc/arm-none-eabi/4.9.3/../../../arm-none-eabi/lib/armv7-m/libg_nano.a(lib_a-readr.o)
 .debug_abbrev  0x00000000000041c2      0x1a3 /usr/lib/gcc/arm-none-eabi/4.9.3/../../../arm-none-eabi/lib/armv7-m/libg_nano.a(lib_a-fstatr.o)
 .debug_abbrev  0x0000000000004365      0x194 /usr/lib/gcc/arm-none-eabi/4.9.3/../../../arm-none-eabi/lib/armv7-m/libg_nano.a(lib_a-isattyr.o)
 .debug_abbrev  0x00000000000044f9      0x161 /usr/lib/gcc/arm-none-eabi/4.9.3/../../../arm-none-eabi/lib/armv7-m/libg_nano.a(lib_a-nano-msizer.o)

.debug_line     0x0000000000000000     0x4eec
 *(.debug_line)
 .debug_line    0x0000000000000000      0x197 ./system/src/newlib/_sbrk.o
 .debug_line    0x0000000000000197      0x25e ./system/src/newlib/_startup.o
 .debug_line    0x00000000000003f5      0x74f ./system/src/newlib/_syscalls.o
 .debug_line    0x0000000000000b44      0x247 ./system/src/diag/Trace.o
 .debug_line    0x0000000000000d8b      0x2d9 ./system/src/diag/trace_impl.o
 .debug_line    0x0000000000001064      0x1c3 ./system/src/cortexm/_initialize_hardware.o
 .debug_line    0x0000000000001227      0x3d2 ./system/src/cortexm/exception_handlers.o
 .debug_line    0x00000000000015f9      0x223 ./system/src/cmsis/system_stm32f10x.o
 .debug_line    0x000000000000181c      0x154 ./system/src/cmsis/vectors_stm32f10x.o
 .debug_line    0x0000000000001970      0x2f6 ./src/main.o
 .debug_line    0x0000000000001c66      0x105 ./contrib/fos/src/kernel.o
 .debug_line    0x0000000000001d6b       0x72 /usr/lib/gcc/arm-none-eabi/4.9.3/../../../arm-none-eabi/lib/armv7-m/libg_nano.a(lib_a-ctype_.o)
 .debug_line    0x0000000000001ddd      0x10b /usr/lib/gcc/arm-none-eabi/4.9.3/../../../arm-none-eabi/lib/armv7-m/libg_nano.a(lib_a-errno.o)
 .debug_line    0x0000000000001ee8      0x2c0 /usr/lib/gcc/arm-none-eabi/4.9.3/../../../arm-none-eabi/lib/armv7-m/libg_nano.a(lib_a-findfp.o)
 .debug_line    0x00000000000021a8      0x18a /usr/lib/gcc/arm-none-eabi/4.9.3/../../../arm-none-eabi/lib/armv7-m/libg_nano.a(lib_a-fprintf.o)
 .debug_line    0x0000000000002332      0x1b7 /usr/lib/gcc/arm-none-eabi/4.9.3/../../../arm-none-eabi/lib/armv7-m/libg_nano.a(lib_a-fwalk.o)
 .debug_line    0x00000000000024e9      0x1df /usr/lib/gcc/arm-none-eabi/4.9.3/../../../arm-none-eabi/lib/armv7-m/libg_nano.a(lib_a-fwrite.o)
 .debug_line    0x00000000000026c8       0xf1 /usr/lib/gcc/arm-none-eabi/4.9.3/../../../arm-none-eabi/lib/armv7-m/libg_nano.a(lib_a-impure.o)
 .debug_line    0x00000000000027b9       0xee /usr/lib/gcc/arm-none-eabi/4.9.3/../../../arm-none-eabi/lib/armv7-m/libg_nano.a(lib_a-memset.o)
 .debug_line    0x00000000000028a7      0x199 /usr/lib/gcc/arm-none-eabi/4.9.3/../../../arm-none-eabi/lib/armv7-m/libg_nano.a(lib_a-nano-mallocr.o)
 .debug_line    0x0000000000002a40      0x2d3 /usr/lib/gcc/arm-none-eabi/4.9.3/../../../arm-none-eabi/lib/armv7-m/libg_nano.a(lib_a-nano-vfprintf.o)
 .debug_line    0x0000000000002d13      0x305 /usr/lib/gcc/arm-none-eabi/4.9.3/../../../arm-none-eabi/lib/armv7-m/libg_nano.a(lib_a-nano-vfprintf_i.o)
 .debug_line    0x0000000000003018      0x162 /usr/lib/gcc/arm-none-eabi/4.9.3/../../../arm-none-eabi/lib/armv7-m/libg_nano.a(lib_a-sbrkr.o)
 .debug_line    0x000000000000317a      0x1d8 /usr/lib/gcc/arm-none-eabi/4.9.3/../../../arm-none-eabi/lib/armv7-m/libg_nano.a(lib_a-stdio.o)
 .debug_line    0x0000000000003352       0x75 /usr/lib/gcc/arm-none-eabi/4.9.3/../../../arm-none-eabi/lib/armv7-m/libg_nano.a(lib_a-strcmp.o)
 .debug_line    0x00000000000033c7      0x1a0 /usr/lib/gcc/arm-none-eabi/4.9.3/../../../arm-none-eabi/lib/armv7-m/libg_nano.a(lib_a-vsnprintf.o)
 .debug_line    0x0000000000003567      0x1cc /usr/lib/gcc/arm-none-eabi/4.9.3/../../../arm-none-eabi/lib/armv7-m/libg_nano.a(lib_a-wbuf.o)
 .debug_line    0x0000000000003733      0x162 /usr/lib/gcc/arm-none-eabi/4.9.3/../../../arm-none-eabi/lib/armv7-m/libg_nano.a(lib_a-writer.o)
 .debug_line    0x0000000000003895      0x1bf /usr/lib/gcc/arm-none-eabi/4.9.3/../../../arm-none-eabi/lib/armv7-m/libg_nano.a(lib_a-wsetup.o)
 .debug_line    0x0000000000003a54      0x163 /usr/lib/gcc/arm-none-eabi/4.9.3/../../../arm-none-eabi/lib/armv7-m/libg_nano.a(lib_a-closer.o)
 .debug_line    0x0000000000003bb7      0x250 /usr/lib/gcc/arm-none-eabi/4.9.3/../../../arm-none-eabi/lib/armv7-m/libg_nano.a(lib_a-fflush.o)
 .debug_line    0x0000000000003e07      0x162 /usr/lib/gcc/arm-none-eabi/4.9.3/../../../arm-none-eabi/lib/armv7-m/libg_nano.a(lib_a-lseekr.o)
 .debug_line    0x0000000000003f69      0x1b7 /usr/lib/gcc/arm-none-eabi/4.9.3/../../../arm-none-eabi/lib/armv7-m/libg_nano.a(lib_a-makebuf.o)
 .debug_line    0x0000000000004120       0xf0 /usr/lib/gcc/arm-none-eabi/4.9.3/../../../arm-none-eabi/lib/armv7-m/libg_nano.a(lib_a-memchr.o)
 .debug_line    0x0000000000004210       0xed /usr/lib/gcc/arm-none-eabi/4.9.3/../../../arm-none-eabi/lib/armv7-m/libg_nano.a(lib_a-memcpy.o)
 .debug_line    0x00000000000042fd       0xfb /usr/lib/gcc/arm-none-eabi/4.9.3/../../../arm-none-eabi/lib/armv7-m/libg_nano.a(lib_a-memmove.o)
 .debug_line    0x00000000000043f8      0x145 /usr/lib/gcc/arm-none-eabi/4.9.3/../../../arm-none-eabi/lib/armv7-m/libg_nano.a(lib_a-nano-freer.o)
 .debug_line    0x000000000000453d      0x17e /usr/lib/gcc/arm-none-eabi/4.9.3/../../../arm-none-eabi/lib/armv7-m/libg_nano.a(lib_a-nano-reallocr.o)
 .debug_line    0x00000000000046bb      0x2e7 /usr/lib/gcc/arm-none-eabi/4.9.3/../../../arm-none-eabi/lib/armv7-m/libg_nano.a(lib_a-nano-svfprintf.o)
 .debug_line    0x00000000000049a2      0x161 /usr/lib/gcc/arm-none-eabi/4.9.3/../../../arm-none-eabi/lib/armv7-m/libg_nano.a(lib_a-readr.o)
 .debug_line    0x0000000000004b03      0x178 /usr/lib/gcc/arm-none-eabi/4.9.3/../../../arm-none-eabi/lib/armv7-m/libg_nano.a(lib_a-fstatr.o)
 .debug_line    0x0000000000004c7b      0x164 /usr/lib/gcc/arm-none-eabi/4.9.3/../../../arm-none-eabi/lib/armv7-m/libg_nano.a(lib_a-isattyr.o)
 .debug_line    0x0000000000004ddf      0x10d /usr/lib/gcc/arm-none-eabi/4.9.3/../../../arm-none-eabi/lib/armv7-m/libg_nano.a(lib_a-nano-msizer.o)

.debug_frame    0x0000000000000000     0x1098
 *(.debug_frame)
 .debug_frame   0x0000000000000000       0x28 ./system/src/newlib/_sbrk.o
 .debug_frame   0x0000000000000028       0x7c ./system/src/newlib/_startup.o
 .debug_frame   0x00000000000000a4      0x3d0 ./system/src/newlib/_syscalls.o
 .debug_frame   0x0000000000000474       0x94 ./system/src/diag/Trace.o
 .debug_frame   0x0000000000000508       0x60 ./system/src/diag/trace_impl.o
 .debug_frame   0x0000000000000568       0x40 ./system/src/cortexm/_initialize_hardware.o
 .debug_frame   0x00000000000005a8      0x164 ./system/src/cortexm/exception_handlers.o
 .debug_frame   0x000000000000070c       0x68 ./system/src/cmsis/system_stm32f10x.o
 .debug_frame   0x0000000000000774       0x20 ./system/src/cmsis/vectors_stm32f10x.o
 .debug_frame   0x0000000000000794       0x7c ./src/main.o
 .debug_frame   0x0000000000000810       0x48 ./contrib/fos/src/kernel.o
 .debug_frame   0x0000000000000858       0x20 /usr/lib/gcc/arm-none-eabi/4.9.3/../../../arm-none-eabi/lib/armv7-m/libg_nano.a(lib_a-errno.o)
 .debug_frame   0x0000000000000878      0x11c /usr/lib/gcc/arm-none-eabi/4.9.3/../../../arm-none-eabi/lib/armv7-m/libg_nano.a(lib_a-findfp.o)
 .debug_frame   0x0000000000000994       0x64 /usr/lib/gcc/arm-none-eabi/4.9.3/../../../arm-none-eabi/lib/armv7-m/libg_nano.a(lib_a-fprintf.o)
 .debug_frame   0x00000000000009f8       0x54 /usr/lib/gcc/arm-none-eabi/4.9.3/../../../arm-none-eabi/lib/armv7-m/libg_nano.a(lib_a-fwalk.o)
 .debug_frame   0x0000000000000a4c       0x54 /usr/lib/gcc/arm-none-eabi/4.9.3/../../../arm-none-eabi/lib/armv7-m/libg_nano.a(lib_a-fwrite.o)
 .debug_frame   0x0000000000000aa0       0x20 /usr/lib/gcc/arm-none-eabi/4.9.3/../../../arm-none-eabi/lib/armv7-m/libg_nano.a(lib_a-memset.o)
 .debug_frame   0x0000000000000ac0       0x2c /usr/lib/gcc/arm-none-eabi/4.9.3/../../../arm-none-eabi/lib/armv7-m/libg_nano.a(lib_a-nano-mallocr.o)
 .debug_frame   0x0000000000000aec       0xb8 /usr/lib/gcc/arm-none-eabi/4.9.3/../../../arm-none-eabi/lib/armv7-m/libg_nano.a(lib_a-nano-vfprintf.o)
 .debug_frame   0x0000000000000ba4       0x58 /usr/lib/gcc/arm-none-eabi/4.9.3/../../../arm-none-eabi/lib/armv7-m/libg_nano.a(lib_a-nano-vfprintf_i.o)
 .debug_frame   0x0000000000000bfc       0x2c /usr/lib/gcc/arm-none-eabi/4.9.3/../../../arm-none-eabi/lib/armv7-m/libg_nano.a(lib_a-sbrkr.o)
 .debug_frame   0x0000000000000c28       0x88 /usr/lib/gcc/arm-none-eabi/4.9.3/../../../arm-none-eabi/lib/armv7-m/libg_nano.a(lib_a-stdio.o)
 .debug_frame   0x0000000000000cb0       0x50 /usr/lib/gcc/arm-none-eabi/4.9.3/../../../arm-none-eabi/lib/armv7-m/libg_nano.a(lib_a-vsnprintf.o)
 .debug_frame   0x0000000000000d00       0x3c /usr/lib/gcc/arm-none-eabi/4.9.3/../../../arm-none-eabi/lib/armv7-m/libg_nano.a(lib_a-wbuf.o)
 .debug_frame   0x0000000000000d3c       0x2c /usr/lib/gcc/arm-none-eabi/4.9.3/../../../arm-none-eabi/lib/armv7-m/libg_nano.a(lib_a-writer.o)
 .debug_frame   0x0000000000000d68       0x2c /usr/lib/gcc/arm-none-eabi/4.9.3/../../../arm-none-eabi/lib/armv7-m/libg_nano.a(lib_a-wsetup.o)
 .debug_frame   0x0000000000000d94       0x2c /usr/lib/gcc/arm-none-eabi/4.9.3/../../../arm-none-eabi/lib/armv7-m/libg_nano.a(lib_a-closer.o)
 .debug_frame   0x0000000000000dc0       0x68 /usr/lib/gcc/arm-none-eabi/4.9.3/../../../arm-none-eabi/lib/armv7-m/libg_nano.a(lib_a-fflush.o)
 .debug_frame   0x0000000000000e28       0x2c /usr/lib/gcc/arm-none-eabi/4.9.3/../../../arm-none-eabi/lib/armv7-m/libg_nano.a(lib_a-lseekr.o)
 .debug_frame   0x0000000000000e54       0x34 /usr/lib/gcc/arm-none-eabi/4.9.3/../../../arm-none-eabi/lib/armv7-m/libg_nano.a(lib_a-makebuf.o)
 .debug_frame   0x0000000000000e88       0x28 /usr/lib/gcc/arm-none-eabi/4.9.3/../../../arm-none-eabi/lib/armv7-m/libg_nano.a(lib_a-memchr.o)
 .debug_frame   0x0000000000000eb0       0x28 /usr/lib/gcc/arm-none-eabi/4.9.3/../../../arm-none-eabi/lib/armv7-m/libg_nano.a(lib_a-memcpy.o)
 .debug_frame   0x0000000000000ed8       0x28 /usr/lib/gcc/arm-none-eabi/4.9.3/../../../arm-none-eabi/lib/armv7-m/libg_nano.a(lib_a-memmove.o)
 .debug_frame   0x0000000000000f00       0x2c /usr/lib/gcc/arm-none-eabi/4.9.3/../../../arm-none-eabi/lib/armv7-m/libg_nano.a(lib_a-nano-freer.o)
 .debug_frame   0x0000000000000f2c       0x3c /usr/lib/gcc/arm-none-eabi/4.9.3/../../../arm-none-eabi/lib/armv7-m/libg_nano.a(lib_a-nano-reallocr.o)
 .debug_frame   0x0000000000000f68       0x8c /usr/lib/gcc/arm-none-eabi/4.9.3/../../../arm-none-eabi/lib/armv7-m/libg_nano.a(lib_a-nano-svfprintf.o)
 .debug_frame   0x0000000000000ff4       0x2c /usr/lib/gcc/arm-none-eabi/4.9.3/../../../arm-none-eabi/lib/armv7-m/libg_nano.a(lib_a-readr.o)
 .debug_frame   0x0000000000001020       0x2c /usr/lib/gcc/arm-none-eabi/4.9.3/../../../arm-none-eabi/lib/armv7-m/libg_nano.a(lib_a-fstatr.o)
 .debug_frame   0x000000000000104c       0x2c /usr/lib/gcc/arm-none-eabi/4.9.3/../../../arm-none-eabi/lib/armv7-m/libg_nano.a(lib_a-isattyr.o)
 .debug_frame   0x0000000000001078       0x20 /usr/lib/gcc/arm-none-eabi/4.9.3/../../../arm-none-eabi/lib/armv7-m/libg_nano.a(lib_a-nano-msizer.o)

.debug_str      0x0000000000000000    0x3b2fe
 *(.debug_str)
 .debug_str     0x0000000000000000     0x5253 ./system/src/newlib/_sbrk.o
                                       0x53ba (size before relaxing)
 .debug_str     0x0000000000005253      0xbb3 ./system/src/newlib/_startup.o
                                       0x4f38 (size before relaxing)
 .debug_str     0x0000000000005e06     0x398d ./system/src/newlib/_syscalls.o
                                       0x97de (size before relaxing)
 .debug_str     0x0000000000009793      0x198 ./system/src/diag/Trace.o
                                       0x68ca (size before relaxing)
 .debug_str     0x000000000000992b    0x2fbe0 ./system/src/diag/trace_impl.o
                                      0x35b32 (size before relaxing)
 .debug_str     0x000000000003950b       0xbd ./system/src/cortexm/_initialize_hardware.o
                                      0x32d97 (size before relaxing)
 .debug_str     0x00000000000395c8      0x239 ./system/src/cortexm/exception_handlers.o
                                      0x36974 (size before relaxing)
 .debug_str     0x0000000000039801      0x124 ./system/src/cmsis/system_stm32f10x.o
                                      0x32e4c (size before relaxing)
 .debug_str     0x0000000000039925       0x57 ./system/src/cmsis/vectors_stm32f10x.o
                                       0x31b8 (size before relaxing)
 .debug_str     0x000000000003997c      0xae0 ./src/main.o
                                      0x369d7 (size before relaxing)
 .debug_str     0x000000000003a45c       0x71 ./contrib/fos/src/kernel.o
                                       0x28e4 (size before relaxing)
 .debug_str     0x000000000003a4cd      0x138 /usr/lib/gcc/arm-none-eabi/4.9.3/../../../arm-none-eabi/lib/armv7-m/libg_nano.a(lib_a-ctype_.o)
                                        0x154 (size before relaxing)
 .debug_str     0x000000000003a605       0xae /usr/lib/gcc/arm-none-eabi/4.9.3/../../../arm-none-eabi/lib/armv7-m/libg_nano.a(lib_a-errno.o)
                                        0x523 (size before relaxing)
 .debug_str     0x000000000003a6b3      0x24a /usr/lib/gcc/arm-none-eabi/4.9.3/../../../arm-none-eabi/lib/armv7-m/libg_nano.a(lib_a-findfp.o)
                                        0x726 (size before relaxing)
 .debug_str     0x000000000003a8fd       0x45 /usr/lib/gcc/arm-none-eabi/4.9.3/../../../arm-none-eabi/lib/armv7-m/libg_nano.a(lib_a-fprintf.o)
                                        0x567 (size before relaxing)
 .debug_str     0x000000000003a942       0x3b /usr/lib/gcc/arm-none-eabi/4.9.3/../../../arm-none-eabi/lib/armv7-m/libg_nano.a(lib_a-fwalk.o)
                                        0x540 (size before relaxing)
 .debug_str     0x000000000003a97d       0x5d /usr/lib/gcc/arm-none-eabi/4.9.3/../../../arm-none-eabi/lib/armv7-m/libg_nano.a(lib_a-fwrite.o)
                                        0x5b1 (size before relaxing)
 .debug_str     0x000000000003a9da       0xa2 /usr/lib/gcc/arm-none-eabi/4.9.3/../../../arm-none-eabi/lib/armv7-m/libg_nano.a(lib_a-impure.o)
                                        0x57a (size before relaxing)
 .debug_str     0x000000000003aa7c       0x98 /usr/lib/gcc/arm-none-eabi/4.9.3/../../../arm-none-eabi/lib/armv7-m/libg_nano.a(lib_a-memset.o)
                                        0x1d2 (size before relaxing)
 .debug_str     0x000000000003ab14      0x11c /usr/lib/gcc/arm-none-eabi/4.9.3/../../../arm-none-eabi/lib/armv7-m/libg_nano.a(lib_a-nano-mallocr.o)
                                        0x5c8 (size before relaxing)
 .debug_str     0x000000000003ac30      0x1ca /usr/lib/gcc/arm-none-eabi/4.9.3/../../../arm-none-eabi/lib/armv7-m/libg_nano.a(lib_a-nano-vfprintf.o)
                                        0x710 (size before relaxing)
 .debug_str     0x000000000003adfa       0x8e /usr/lib/gcc/arm-none-eabi/4.9.3/../../../arm-none-eabi/lib/armv7-m/libg_nano.a(lib_a-nano-vfprintf_i.o)
                                        0x64b (size before relaxing)
 .debug_str     0x000000000003ae88       0x2c /usr/lib/gcc/arm-none-eabi/4.9.3/../../../arm-none-eabi/lib/armv7-m/libg_nano.a(lib_a-sbrkr.o)
                                        0x532 (size before relaxing)
 .debug_str     0x000000000003aeb4       0x83 /usr/lib/gcc/arm-none-eabi/4.9.3/../../../arm-none-eabi/lib/armv7-m/libg_nano.a(lib_a-stdio.o)
                                        0x596 (size before relaxing)
 .debug_str     0x000000000003af37       0x4a /usr/lib/gcc/arm-none-eabi/4.9.3/../../../arm-none-eabi/lib/armv7-m/libg_nano.a(lib_a-vsnprintf.o)
                                        0x57a (size before relaxing)
 .debug_str     0x000000000003af81       0x3d /usr/lib/gcc/arm-none-eabi/4.9.3/../../../arm-none-eabi/lib/armv7-m/libg_nano.a(lib_a-wbuf.o)
                                        0x59e (size before relaxing)
 .debug_str     0x000000000003afbe       0x2d /usr/lib/gcc/arm-none-eabi/4.9.3/../../../arm-none-eabi/lib/armv7-m/libg_nano.a(lib_a-writer.o)
                                        0x52f (size before relaxing)
 .debug_str     0x000000000003afeb       0x42 /usr/lib/gcc/arm-none-eabi/4.9.3/../../../arm-none-eabi/lib/armv7-m/libg_nano.a(lib_a-wsetup.o)
                                        0x599 (size before relaxing)
 .debug_str     0x000000000003b02d       0x2d /usr/lib/gcc/arm-none-eabi/4.9.3/../../../arm-none-eabi/lib/armv7-m/libg_nano.a(lib_a-closer.o)
                                        0x51f (size before relaxing)
 .debug_str     0x000000000003b05a       0x50 /usr/lib/gcc/arm-none-eabi/4.9.3/../../../arm-none-eabi/lib/armv7-m/libg_nano.a(lib_a-fflush.o)
                                        0x5da (size before relaxing)
 .debug_str     0x000000000003b0aa       0x2d /usr/lib/gcc/arm-none-eabi/4.9.3/../../../arm-none-eabi/lib/armv7-m/libg_nano.a(lib_a-lseekr.o)
                                        0x52d (size before relaxing)
 .debug_str     0x000000000003b0d7       0x4c /usr/lib/gcc/arm-none-eabi/4.9.3/../../../arm-none-eabi/lib/armv7-m/libg_nano.a(lib_a-makebuf.o)
                                        0x63d (size before relaxing)
 .debug_str     0x000000000003b123       0x3e /usr/lib/gcc/arm-none-eabi/4.9.3/../../../arm-none-eabi/lib/armv7-m/libg_nano.a(lib_a-memchr.o)
                                        0x1e2 (size before relaxing)
 .debug_str     0x000000000003b161       0x49 /usr/lib/gcc/arm-none-eabi/4.9.3/../../../arm-none-eabi/lib/armv7-m/libg_nano.a(lib_a-memcpy.o)
                                        0x1e6 (size before relaxing)
 .debug_str     0x000000000003b1aa       0x40 /usr/lib/gcc/arm-none-eabi/4.9.3/../../../arm-none-eabi/lib/armv7-m/libg_nano.a(lib_a-memmove.o)
                                        0x1ed (size before relaxing)
 .debug_str     0x000000000003b1ea       0x24 /usr/lib/gcc/arm-none-eabi/4.9.3/../../../arm-none-eabi/lib/armv7-m/libg_nano.a(lib_a-nano-freer.o)
                                        0x593 (size before relaxing)
 .debug_str     0x000000000003b20e       0x2e /usr/lib/gcc/arm-none-eabi/4.9.3/../../../arm-none-eabi/lib/armv7-m/libg_nano.a(lib_a-nano-reallocr.o)
                                        0x59b (size before relaxing)
 .debug_str     0x000000000003b23c       0x26 /usr/lib/gcc/arm-none-eabi/4.9.3/../../../arm-none-eabi/lib/armv7-m/libg_nano.a(lib_a-nano-svfprintf.o)
                                        0x6ac (size before relaxing)
 .debug_str     0x000000000003b262       0x2c /usr/lib/gcc/arm-none-eabi/4.9.3/../../../arm-none-eabi/lib/armv7-m/libg_nano.a(lib_a-readr.o)
                                        0x52d (size before relaxing)
 .debug_str     0x000000000003b28e       0x33 /usr/lib/gcc/arm-none-eabi/4.9.3/../../../arm-none-eabi/lib/armv7-m/libg_nano.a(lib_a-fstatr.o)
                                        0x612 (size before relaxing)
 .debug_str     0x000000000003b2c1       0x2e /usr/lib/gcc/arm-none-eabi/4.9.3/../../../arm-none-eabi/lib/armv7-m/libg_nano.a(lib_a-isattyr.o)
                                        0x529 (size before relaxing)
 .debug_str     0x000000000003b2ef        0xf /usr/lib/gcc/arm-none-eabi/4.9.3/../../../arm-none-eabi/lib/armv7-m/libg_nano.a(lib_a-nano-msizer.o)
                                        0x579 (size before relaxing)

.debug_loc      0x0000000000000000     0x44a4
 *(.debug_loc)
 .debug_loc     0x0000000000000000       0x82 ./system/src/newlib/_sbrk.o
 .debug_loc     0x0000000000000082      0x265 ./system/src/newlib/_startup.o
 .debug_loc     0x00000000000002e7     0x1027 ./system/src/newlib/_syscalls.o
 .debug_loc     0x000000000000130e       0xf7 ./system/src/diag/Trace.o
 .debug_loc     0x0000000000001405      0x17c ./system/src/diag/trace_impl.o
 .debug_loc     0x0000000000001581      0x43a ./system/src/cortexm/exception_handlers.o
 .debug_loc     0x00000000000019bb       0xe4 ./system/src/cmsis/system_stm32f10x.o
 .debug_loc     0x0000000000001a9f       0xe8 ./src/main.o
 .debug_loc     0x0000000000001b87       0x40 ./contrib/fos/src/kernel.o
 .debug_loc     0x0000000000001bc7      0x200 /usr/lib/gcc/arm-none-eabi/4.9.3/../../../arm-none-eabi/lib/armv7-m/libg_nano.a(lib_a-findfp.o)
 .debug_loc     0x0000000000001dc7       0x6e /usr/lib/gcc/arm-none-eabi/4.9.3/../../../arm-none-eabi/lib/armv7-m/libg_nano.a(lib_a-fprintf.o)
 .debug_loc     0x0000000000001e35      0x11f /usr/lib/gcc/arm-none-eabi/4.9.3/../../../arm-none-eabi/lib/armv7-m/libg_nano.a(lib_a-fwalk.o)
 .debug_loc     0x0000000000001f54      0x276 /usr/lib/gcc/arm-none-eabi/4.9.3/../../../arm-none-eabi/lib/armv7-m/libg_nano.a(lib_a-fwrite.o)
 .debug_loc     0x00000000000021ca       0x49 /usr/lib/gcc/arm-none-eabi/4.9.3/../../../arm-none-eabi/lib/armv7-m/libg_nano.a(lib_a-memset.o)
 .debug_loc     0x0000000000002213      0x304 /usr/lib/gcc/arm-none-eabi/4.9.3/../../../arm-none-eabi/lib/armv7-m/libg_nano.a(lib_a-nano-mallocr.o)
 .debug_loc     0x0000000000002517      0x4f6 /usr/lib/gcc/arm-none-eabi/4.9.3/../../../arm-none-eabi/lib/armv7-m/libg_nano.a(lib_a-nano-vfprintf.o)
 .debug_loc     0x0000000000002a0d      0x46d /usr/lib/gcc/arm-none-eabi/4.9.3/../../../arm-none-eabi/lib/armv7-m/libg_nano.a(lib_a-nano-vfprintf_i.o)
 .debug_loc     0x0000000000002e7a       0x4d /usr/lib/gcc/arm-none-eabi/4.9.3/../../../arm-none-eabi/lib/armv7-m/libg_nano.a(lib_a-sbrkr.o)
 .debug_loc     0x0000000000002ec7      0x236 /usr/lib/gcc/arm-none-eabi/4.9.3/../../../arm-none-eabi/lib/armv7-m/libg_nano.a(lib_a-stdio.o)
 .debug_loc     0x00000000000030fd      0x179 /usr/lib/gcc/arm-none-eabi/4.9.3/../../../arm-none-eabi/lib/armv7-m/libg_nano.a(lib_a-vsnprintf.o)
 .debug_loc     0x0000000000003276      0x113 /usr/lib/gcc/arm-none-eabi/4.9.3/../../../arm-none-eabi/lib/armv7-m/libg_nano.a(lib_a-wbuf.o)
 .debug_loc     0x0000000000003389       0xa5 /usr/lib/gcc/arm-none-eabi/4.9.3/../../../arm-none-eabi/lib/armv7-m/libg_nano.a(lib_a-writer.o)
 .debug_loc     0x000000000000342e       0x5d /usr/lib/gcc/arm-none-eabi/4.9.3/../../../arm-none-eabi/lib/armv7-m/libg_nano.a(lib_a-wsetup.o)
 .debug_loc     0x000000000000348b       0x4d /usr/lib/gcc/arm-none-eabi/4.9.3/../../../arm-none-eabi/lib/armv7-m/libg_nano.a(lib_a-closer.o)
 .debug_loc     0x00000000000034d8      0x24c /usr/lib/gcc/arm-none-eabi/4.9.3/../../../arm-none-eabi/lib/armv7-m/libg_nano.a(lib_a-fflush.o)
 .debug_loc     0x0000000000003724       0xa5 /usr/lib/gcc/arm-none-eabi/4.9.3/../../../arm-none-eabi/lib/armv7-m/libg_nano.a(lib_a-lseekr.o)
 .debug_loc     0x00000000000037c9       0xe0 /usr/lib/gcc/arm-none-eabi/4.9.3/../../../arm-none-eabi/lib/armv7-m/libg_nano.a(lib_a-makebuf.o)
 .debug_loc     0x00000000000038a9       0xaa /usr/lib/gcc/arm-none-eabi/4.9.3/../../../arm-none-eabi/lib/armv7-m/libg_nano.a(lib_a-memchr.o)
 .debug_loc     0x0000000000003953       0x87 /usr/lib/gcc/arm-none-eabi/4.9.3/../../../arm-none-eabi/lib/armv7-m/libg_nano.a(lib_a-memcpy.o)
 .debug_loc     0x00000000000039da       0xde /usr/lib/gcc/arm-none-eabi/4.9.3/../../../arm-none-eabi/lib/armv7-m/libg_nano.a(lib_a-memmove.o)
 .debug_loc     0x0000000000003ab8      0x172 /usr/lib/gcc/arm-none-eabi/4.9.3/../../../arm-none-eabi/lib/armv7-m/libg_nano.a(lib_a-nano-freer.o)
 .debug_loc     0x0000000000003c2a      0x11b /usr/lib/gcc/arm-none-eabi/4.9.3/../../../arm-none-eabi/lib/armv7-m/libg_nano.a(lib_a-nano-reallocr.o)
 .debug_loc     0x0000000000003d45      0x53f /usr/lib/gcc/arm-none-eabi/4.9.3/../../../arm-none-eabi/lib/armv7-m/libg_nano.a(lib_a-nano-svfprintf.o)
 .debug_loc     0x0000000000004284       0xa5 /usr/lib/gcc/arm-none-eabi/4.9.3/../../../arm-none-eabi/lib/armv7-m/libg_nano.a(lib_a-readr.o)
 .debug_loc     0x0000000000004329       0x79 /usr/lib/gcc/arm-none-eabi/4.9.3/../../../arm-none-eabi/lib/armv7-m/libg_nano.a(lib_a-fstatr.o)
 .debug_loc     0x00000000000043a2       0x4d /usr/lib/gcc/arm-none-eabi/4.9.3/../../../arm-none-eabi/lib/armv7-m/libg_nano.a(lib_a-isattyr.o)
 .debug_loc     0x00000000000043ef       0xb5 /usr/lib/gcc/arm-none-eabi/4.9.3/../../../arm-none-eabi/lib/armv7-m/libg_nano.a(lib_a-nano-msizer.o)

.debug_macinfo
 *(.debug_macinfo)

.debug_weaknames
 *(.debug_weaknames)

.debug_funcnames
 *(.debug_funcnames)

.debug_typenames
 *(.debug_typenames)

.debug_varnames
 *(.debug_varnames)
OUTPUT(firstos.elf elf32-littlearm)

.debug_ranges   0x0000000000000000      0x6b8
 .debug_ranges  0x0000000000000000       0x10 ./system/src/newlib/_sbrk.o
 .debug_ranges  0x0000000000000010       0x48 ./system/src/newlib/_startup.o
 .debug_ranges  0x0000000000000058      0x140 ./system/src/newlib/_syscalls.o
 .debug_ranges  0x0000000000000198       0x28 ./system/src/diag/Trace.o
 .debug_ranges  0x00000000000001c0       0x38 ./system/src/diag/trace_impl.o
 .debug_ranges  0x00000000000001f8       0x18 ./system/src/cortexm/_initialize_hardware.o
 .debug_ranges  0x0000000000000210       0x98 ./system/src/cortexm/exception_handlers.o
 .debug_ranges  0x00000000000002a8       0x28 ./system/src/cmsis/system_stm32f10x.o
 .debug_ranges  0x00000000000002d0       0x10 ./system/src/cmsis/vectors_stm32f10x.o
 .debug_ranges  0x00000000000002e0       0x28 ./src/main.o
 .debug_ranges  0x0000000000000308       0x20 ./contrib/fos/src/kernel.o
 .debug_ranges  0x0000000000000328       0x10 /usr/lib/gcc/arm-none-eabi/4.9.3/../../../arm-none-eabi/lib/armv7-m/libg_nano.a(lib_a-errno.o)
 .debug_ranges  0x0000000000000338       0x78 /usr/lib/gcc/arm-none-eabi/4.9.3/../../../arm-none-eabi/lib/armv7-m/libg_nano.a(lib_a-findfp.o)
 .debug_ranges  0x00000000000003b0       0x18 /usr/lib/gcc/arm-none-eabi/4.9.3/../../../arm-none-eabi/lib/armv7-m/libg_nano.a(lib_a-fprintf.o)
 .debug_ranges  0x00000000000003c8       0x18 /usr/lib/gcc/arm-none-eabi/4.9.3/../../../arm-none-eabi/lib/armv7-m/libg_nano.a(lib_a-fwalk.o)
 .debug_ranges  0x00000000000003e0       0x18 /usr/lib/gcc/arm-none-eabi/4.9.3/../../../arm-none-eabi/lib/armv7-m/libg_nano.a(lib_a-fwrite.o)
 .debug_ranges  0x00000000000003f8       0x10 /usr/lib/gcc/arm-none-eabi/4.9.3/../../../arm-none-eabi/lib/armv7-m/libg_nano.a(lib_a-memset.o)
 .debug_ranges  0x0000000000000408       0x28 /usr/lib/gcc/arm-none-eabi/4.9.3/../../../arm-none-eabi/lib/armv7-m/libg_nano.a(lib_a-nano-mallocr.o)
 .debug_ranges  0x0000000000000430       0x30 /usr/lib/gcc/arm-none-eabi/4.9.3/../../../arm-none-eabi/lib/armv7-m/libg_nano.a(lib_a-nano-vfprintf.o)
 .debug_ranges  0x0000000000000460       0x60 /usr/lib/gcc/arm-none-eabi/4.9.3/../../../arm-none-eabi/lib/armv7-m/libg_nano.a(lib_a-nano-vfprintf_i.o)
 .debug_ranges  0x00000000000004c0       0x10 /usr/lib/gcc/arm-none-eabi/4.9.3/../../../arm-none-eabi/lib/armv7-m/libg_nano.a(lib_a-sbrkr.o)
 .debug_ranges  0x00000000000004d0       0x30 /usr/lib/gcc/arm-none-eabi/4.9.3/../../../arm-none-eabi/lib/armv7-m/libg_nano.a(lib_a-stdio.o)
 .debug_ranges  0x0000000000000500       0x18 /usr/lib/gcc/arm-none-eabi/4.9.3/../../../arm-none-eabi/lib/armv7-m/libg_nano.a(lib_a-vsnprintf.o)
 .debug_ranges  0x0000000000000518       0x18 /usr/lib/gcc/arm-none-eabi/4.9.3/../../../arm-none-eabi/lib/armv7-m/libg_nano.a(lib_a-wbuf.o)
 .debug_ranges  0x0000000000000530       0x10 /usr/lib/gcc/arm-none-eabi/4.9.3/../../../arm-none-eabi/lib/armv7-m/libg_nano.a(lib_a-writer.o)
 .debug_ranges  0x0000000000000540       0x30 /usr/lib/gcc/arm-none-eabi/4.9.3/../../../arm-none-eabi/lib/armv7-m/libg_nano.a(lib_a-wsetup.o)
 .debug_ranges  0x0000000000000570       0x10 /usr/lib/gcc/arm-none-eabi/4.9.3/../../../arm-none-eabi/lib/armv7-m/libg_nano.a(lib_a-closer.o)
 .debug_ranges  0x0000000000000580       0x20 /usr/lib/gcc/arm-none-eabi/4.9.3/../../../arm-none-eabi/lib/armv7-m/libg_nano.a(lib_a-fflush.o)
 .debug_ranges  0x00000000000005a0       0x10 /usr/lib/gcc/arm-none-eabi/4.9.3/../../../arm-none-eabi/lib/armv7-m/libg_nano.a(lib_a-lseekr.o)
 .debug_ranges  0x00000000000005b0       0x10 /usr/lib/gcc/arm-none-eabi/4.9.3/../../../arm-none-eabi/lib/armv7-m/libg_nano.a(lib_a-makebuf.o)
 .debug_ranges  0x00000000000005c0       0x10 /usr/lib/gcc/arm-none-eabi/4.9.3/../../../arm-none-eabi/lib/armv7-m/libg_nano.a(lib_a-memchr.o)
 .debug_ranges  0x00000000000005d0       0x10 /usr/lib/gcc/arm-none-eabi/4.9.3/../../../arm-none-eabi/lib/armv7-m/libg_nano.a(lib_a-memcpy.o)
 .debug_ranges  0x00000000000005e0       0x10 /usr/lib/gcc/arm-none-eabi/4.9.3/../../../arm-none-eabi/lib/armv7-m/libg_nano.a(lib_a-memmove.o)
 .debug_ranges  0x00000000000005f0       0x28 /usr/lib/gcc/arm-none-eabi/4.9.3/../../../arm-none-eabi/lib/armv7-m/libg_nano.a(lib_a-nano-freer.o)
 .debug_ranges  0x0000000000000618       0x10 /usr/lib/gcc/arm-none-eabi/4.9.3/../../../arm-none-eabi/lib/armv7-m/libg_nano.a(lib_a-nano-reallocr.o)
 .debug_ranges  0x0000000000000628       0x50 /usr/lib/gcc/arm-none-eabi/4.9.3/../../../arm-none-eabi/lib/armv7-m/libg_nano.a(lib_a-nano-svfprintf.o)
 .debug_ranges  0x0000000000000678       0x10 /usr/lib/gcc/arm-none-eabi/4.9.3/../../../arm-none-eabi/lib/armv7-m/libg_nano.a(lib_a-readr.o)
 .debug_ranges  0x0000000000000688       0x10 /usr/lib/gcc/arm-none-eabi/4.9.3/../../../arm-none-eabi/lib/armv7-m/libg_nano.a(lib_a-fstatr.o)